******************************************************************************
            TI ARM Clang Linker PC v4.0.2                      
******************************************************************************
>> Linked Sun Jul 12 00:03:20 2026

OUTPUT FILE NAME:   <clockfix.out>
ENTRY POINT SYMBOL: "_c_int00_noargs"  address: 00005cd9


MEMORY CONFIGURATION

         name            origin    length      used     unused   attr    fill
----------------------  --------  ---------  --------  --------  ----  --------
  FLASH                 00000000   00020000  000065b0  00019a50  R  X
  SRAM                  20200000   00008000  000017f5  0000680b  RW X
  BCR_CONFIG            41c00000   00000080  00000000  00000080  R   
  BSL_CONFIG            41c00100   00000080  00000000  00000080  R   


SEGMENT ALLOCATION MAP

run origin  load origin   length   init length attrs members
----------  ----------- ---------- ----------- ----- -------
00000000    00000000    000065b0   000065b0    r-x
  00000000    00000000    000000c0   000000c0    r-- .intvecs
  000000c0    000000c0    00006130   00006130    r-x .text
  000061f0    000061f0    000002d0   000002d0    r-- .rodata
  000064c0    000064c0    000000f0   000000f0    r-- .cinit
20200000    20200000    000015f9   00000000    rw-
  20200000    20200000    00000ab4   00000000    rw- .bss
  20200ab8    20200ab8    00000800   00000000    rw- .sysmem
  202012b8    202012b8    00000341   00000000    rw- .data
20207e00    20207e00    00000200   00000000    rw-
  20207e00    20207e00    00000200   00000000    rw- .stack


SECTION ALLOCATION MAP

 output                                  attributes/
section   page    origin      length       input sections
--------  ----  ----------  ----------   ----------------
.intvecs   0    00000000    000000c0     
                  00000000    000000c0     clockfix_startup.obj (.intvecs)

.text      0    000000c0    00006130     
                  000000c0    000009d0     libc.a : _printfi.c.obj (.text:__TI_printfi)
                  00000a90    00000990     clockfix_dal_mpu6050.obj (.text.dal_mpu6050_refresh)
                  00001420    0000031c     clockfix_app_line_follow.obj (.text.app_line_follow_refresh)
                  0000173c    000002f8     libc.a : s_atan.c.obj (.text.atan)
                  00001a34    000002a8     clockfix_bsp_i2c.obj (.text.I2C0_IRQHandler)
                  00001cdc    00000220     libc.a : _printfi.c.obj (.text._pconv_a)
                  00001efc    000001dc            : _printfi.c.obj (.text._pconv_g)
                  000020d8    000001a4     clockfix_bsp_uart.obj (.text.UART0_IRQHandler)
                  0000227c    000001a4     clockfix_cpu_scheduler.obj (.text.cpu_init)
                  00002420    00000192     libclang_rt.builtins.a : adddf3.S.obj (.text.adddf3_subdf3)
                  000025b2    00000002     clockfix_startup.obj (.text.Default_Handler)
                  000025b4    00000188     libc.a : e_atan2.c.obj (.text.atan2)
                  0000273c    00000170            : e_sqrt.c.obj (.text.sqrt)
                  000028ac    00000160     clockfix_dal_gray.obj (.text.dal_gray_refresh)
                  00002a0c    00000150     clockfix_bsp_i2c.obj (.text.bsp_i2c_mem_write_async)
                  00002b5c    0000013c     libc.a : _printfi.c.obj (.text.fcvt)
                  00002c98    00000120            : _printfi.c.obj (.text._pconv_e)
                  00002db8    00000114            : memory.c.obj (.text.aligned_alloc)
                  00002ecc    0000010c     libclang_rt.builtins.a : divdf3.S.obj (.text.__divdf3)
                  00002fd8    00000108     driverlib.a : dl_timer.o (.text.DL_Timer_initFourCCPWMMode)
                  000030e0    000000f8     libc.a : fputs.c.obj (.text.fputs)
                  000031d8    000000e8     clockfix_bsp_i2c.obj (.text.bsp_i2c_mem_read_async)
                  000032c0    000000e8     clockfix_dal_encoder.obj (.text.dal_encoder_init)
                  000033a8    000000e8     libc.a : memory.c.obj (.text.free)
                  00003490    000000e4     libclang_rt.builtins.a : muldf3.S.obj (.text.__muldf3)
                  00003574    000000e0     libc.a : setvbuf.c.obj (.text.setvbuf)
                  00003654    000000dc     clockfix_dal_mpu6050.obj (.text.dal_mpu6050_init)
                  00003730    000000dc     clockfix_dal_pid.obj (.text.dal_pid_init)
                  0000380c    000000d8     libc.a : s_scalbn.c.obj (.text.scalbn)
                  000038e4    000000d8     libclang_rt.builtins.a : addsf3.S.obj (.text)
                  000039bc    000000d4     clockfix_drv_motor.obj (.text.Motor_SetOutput)
                  00003a90    000000d4     clockfix_bsp_uart.obj (.text.bsp_uart_fill_fifo)
                  00003b64    000000cc     clockfix_PID.obj (.text.PID_Compute1_Rectangle)
                  00003c30    000000c4     clockfix_ringbuffer.obj (.text.rt_ringbuffer_put)
                  00003cf4    000000bc     clockfix_dal_encoder.obj (.text.dal_encoder_update_speed)
                  00003db0    000000b4     clockfix_ti_msp_dl_config.obj (.text.SYSCFG_DL_GPIO_init)
                  00003e64    000000ac     clockfix_bsp_uart.obj (.text.bsp_uart_init)
                  00003f10    000000a8     clockfix_ringbuffer.obj (.text.rt_ringbuffer_getchar)
                  00003fb8    000000a2     libclang_rt.builtins.a : udivmoddi4.S.obj (.text)
                  0000405a    00000002                            : aeabi_div0.c.obj (.text.__aeabi_idiv0)
                  0000405c    0000009c     clockfix_ti_msp_dl_config.obj (.text.SYSCFG_DL_UART_DEBUG_init)
                  000040f8    00000094     clockfix_ringbuffer.obj (.text.rt_ringbuffer_putchar)
                  0000418c    00000090     clockfix_bsp_uart.obj (.text.bsp_uart_try_printf)
                  0000421c    0000008c     libclang_rt.builtins.a : mulsf3.S.obj (.text.__mulsf3)
                  000042a8    00000088     clockfix_MultiTimer.obj (.text.multi_timer_start)
                  00004330    00000088     libc.a : strcmp-armv6m.S.obj (.text:strcmp)
                  000043b8    00000082     libclang_rt.builtins.a : divsf3.S.obj (.text.__divsf3)
                  0000443a    00000002                            : aeabi_div0.c.obj (.text.__aeabi_ldiv0)
                  0000443c    00000080     clockfix_drv_encoder.obj (.text.Encoder_Update)
                  000044bc    00000080     clockfix_ti_msp_dl_config.obj (.text.SYSCFG_DL_MOTOR_PWM_init)
                  0000453c    0000007c     libc.a : fclose.c.obj (.text.__TI_closefile)
                  000045b8    0000007c            : copy_decompress_lzss.c.obj (.text:decompress:lzss)
                  00004634    00000074     libclang_rt.builtins.a : comparedf2.c.obj (.text.__gedf2)
                  000046a8    0000006c     libsysbm.a : hostlseek.c.obj (.text.HOSTlseek)
                  00004714    0000006c                : hostrename.c.obj (.text.HOSTrename)
                  00004780    0000006c     libc.a : fseek.c.obj (.text.fseeko)
                  000047ec    0000006c            : getdevice.c.obj (.text.getdevice)
                  00004858    0000006a     libclang_rt.builtins.a : fixdfdi.S.obj (.text.__fixdfdi)
                  000048c2    00000002     libc.a : _lock.c.obj (.text._nop)
                  000048c4    00000068     clockfix_ti_msp_dl_config.obj (.text.SYSCFG_DL_I2C_MPU6050_init)
                  0000492c    00000068     libclang_rt.builtins.a : comparedf2.c.obj (.text.__ledf2)
                  00004994    00000066     libc.a : _printfi.c.obj (.text._mcpy)
                  000049fa    00000064            : _io_perm.c.obj (.text.__TI_wrt_ok)
                  00004a5e    00000002     --HOLE-- [fill = 0]
                  00004a60    00000064     clockfix_dal_key.obj (.text.dal_key_refresh)
                  00004ac4    00000064     libc.a : memory.c.obj (.text.split)
                  00004b28    00000062     libclang_rt.builtins.a : aeabi_dcmp.S.obj (.text.__aeabi_dcmp)
                  00004b8a    00000002     --HOLE-- [fill = 0]
                  00004b8c    00000062                            : aeabi_fcmp.S.obj (.text.__aeabi_fcmp)
                  00004bee    00000002     --HOLE-- [fill = 0]
                  00004bf0    00000060     libsysbm.a : hostopen.c.obj (.text.HOSTopen)
                  00004c50    00000060     clockfix_bsp_encoder.obj (.text.bsp_encoder_init)
                  00004cb0    00000060     clockfix_dal_encoder.obj (.text.dal_encoder_handle_edge)
                  00004d10    00000060     libc.a : fflush.c.obj (.text.fflush)
                  00004d70    0000005e     driverlib.a : dl_i2c.o (.text.DL_I2C_fillControllerTXFIFO)
                  00004dce    00000002     --HOLE-- [fill = 0]
                  00004dd0    0000005c     libc.a : s_frexp.c.obj (.text.frexp)
                  00004e2c    00000058     libsysbm.a : hostread.c.obj (.text.HOSTread)
                  00004e84    00000058                : hostwrite.c.obj (.text.HOSTwrite)
                  00004edc    00000058     libc.a : _ltoa.c.obj (.text.__TI_ltoa)
                  00004f34    00000058            : _printfi.c.obj (.text._pconv_f)
                  00004f8c    00000058     clockfix_MultiTimer.obj (.text.multi_timer_yield)
                  00004fe4    00000056     libclang_rt.builtins.a : aeabi_idivmod.S.obj (.text.__aeabi_idivmod)
                  0000503a    00000002     --HOLE-- [fill = 0]
                  0000503c    00000054     clockfix_bsp_encoder.obj (.text.GROUP1_IRQHandler)
                  00005090    00000054     clockfix_bsp_i2c.obj (.text.bsp_i2c_poll)
                  000050e4    00000052     clockfix_PID.obj (.text.PID_Init)
                  00005136    00000052     libc.a : fflush.c.obj (.text.__TI_doflush)
                  00005188    00000052            : _printfi.c.obj (.text._ecpy)
                  000051da    00000002     --HOLE-- [fill = 0]
                  000051dc    00000050     libsysbm.a : close.c.obj (.text.close)
                  0000522c    0000004c     driverlib.a : dl_dma.o (.text.DL_DMA_initChannel)
                  00005278    0000004c     clockfix_dal_motor.obj (.text.dal_motor_init)
                  000052c4    0000004a     clockfix_drv_motor.obj (.text.Motor_Init)
                  0000530e    00000002     --HOLE-- [fill = 0]
                  00005310    0000004a     libclang_rt.builtins.a : fixdfsi.S.obj (.text.__fixdfsi)
                  0000535a    00000002     --HOLE-- [fill = 0]
                  0000535c    00000048     driverlib.a : dl_uart.o (.text.DL_UART_init)
                  000053a4    00000048     libsysbm.a : hostclose.c.obj (.text.HOSTclose)
                  000053ec    00000048                : hostunlink.c.obj (.text.HOSTunlink)
                  00005434    00000048     clockfix_ti_msp_dl_config.obj (.text.SYSCFG_DL_initPower)
                  0000547c    00000048     clockfix_bsp_pwm.obj (.text.bsp_pwm_set_duty)
                  000054c4    00000048     clockfix_bsp_time.obj (.text.bsp_time_init)
                  0000550c    00000048     clockfix_cpu_scheduler.obj (.text.cpu_task_timer_callback)
                  00005554    00000044     libc.a : aeabi_portable.c.obj (.text.__aeabi_assert)
                  00005598    00000044     clockfix_bsp_encoder.obj (.text.bsp_encoder_read_phases)
                  000055dc    00000044     clockfix_ringbuffer.obj (.text.rt_ringbuffer_init)
                  00005620    00000042     clockfix_ringbuffer.obj (.text.rt_ringbuffer_data_len)
                  00005662    00000002     --HOLE-- [fill = 0]
                  00005664    00000040     clockfix_ti_msp_dl_config.obj (.text.SYSCFG_DL_SYSCTL_init)
                  000056a4    00000040     libclang_rt.builtins.a : aeabi_uidivmod.S.obj (.text.__aeabi_uidivmod)
                  000056e4    00000040     clockfix_app_straight_drive.obj (.text.app_straight_drive_init)
                  00005724    00000040     libc.a : atoi.c.obj (.text.atoi)
                  00005764    00000040            : vsnprintf.c.obj (.text.vsnprintf)
                  000057a4    0000003c     libclang_rt.builtins.a : floatsisf.S.obj (.text.__floatsisf)
                  000057e0    0000003c                            : comparesf2.S.obj (.text.__gtsf2)
                  0000581c    0000003c     libc.a : autoinit.c.obj (.text:__TI_auto_init_nobinit_nopinit)
                  00005858    0000003a     clockfix_drv_motor.obj (.text.Motor_Stop)
                  00005892    00000002     --HOLE-- [fill = 0]
                  00005894    0000003a     libclang_rt.builtins.a : comparesf2.S.obj (.text.__eqsf2)
                  000058ce    00000002     --HOLE-- [fill = 0]
                  000058d0    0000003a                            : muldsi3.S.obj (.text.__muldsi3)
                  0000590a    00000002     --HOLE-- [fill = 0]
                  0000590c    00000038                            : fixsfsi.S.obj (.text.__fixsfsi)
                  00005944    00000038     clockfix_app_line_follow.obj (.text.app_line_follow_init)
                  0000597c    00000038     clockfix_app_straight_drive.obj (.text.app_straight_drive_stop)
                  000059b4    00000038     clockfix_bsp_i2c.obj (.text.bsp_i2c_init)
                  000059ec    00000038     libc.a : sprintf.c.obj (.text.sprintf)
                  00005a24    00000034            : fopen.c.obj (.text.__TI_cleanup)
                  00005a58    00000034     libsysbm.a : trgmsg.c.obj (.text.__TI_readmsg)
                  00005a8c    00000034                : trgmsg.c.obj (.text.__TI_writemsg)
                  00005ac0    00000034     libc.a : exit.c.obj (.text.exit)
                  00005af4    00000034            : getdevice.c.obj (.text.finddevice)
                  00005b28    00000030            : _printfi.c.obj (.text._fcpy)
                  00005b58    00000030            : vsnprintf.c.obj (.text._outs)
                  00005b88    00000030     clockfix_app_line_follow.obj (.text.app_line_follow_stop)
                  00005bb8    0000002c     libclang_rt.builtins.a : floatsidf.S.obj (.text.__floatsidf)
                  00005be4    0000002c     libsysbm.a : unlink.c.obj (.text.unlink)
                  00005c10    00000028     libclang_rt.builtins.a : floatunsisf.S.obj (.text.__floatunsisf)
                  00005c38    00000028     clockfix_dal_key.obj (.text.dal_key_init)
                  00005c60    00000028     libc.a : memory.c.obj (.text.free_list_insert)
                  00005c88    00000028     libsysbm.a : lseek.c.obj (.text.lseek)
                  00005cb0    00000028                : write.c.obj (.text.write)
                  00005cd8    00000028     libc.a : boot_cortex_m.c.obj (.text:_c_int00_noargs)
                  00005d00    00000026     driverlib.a : dl_i2c.o (.text.DL_I2C_setClockConfig)
                  00005d26    00000026     clockfix_drv_encoder.obj (.text.Encoder_Init)
                  00005d4c    00000026     clockfix_bsp_board.obj (.text.bsp_board_init)
                  00005d72    00000002     --HOLE-- [fill = 0]
                  00005d74    00000024     libclang_rt.builtins.a : floatunsidf.S.obj (.text.__floatunsidf)
                  00005d98    00000024                            : muldi3.S.obj (.text.__muldi3)
                  00005dbc    00000022     libc.a : memccpy.c.obj (.text.memccpy)
                  00005dde    00000020     clockfix_ti_msp_dl_config.obj (.text.SYSCFG_DL_init)
                  00005dfe    00000002     --HOLE-- [fill = 0]
                  00005e00    00000020     clockfix_bsp_encoder.obj (.text.bsp_encoder_irq_lock)
                  00005e20    0000001e     libclang_rt.builtins.a : ashldi3.S.obj (.text.__ashldi3)
                  00005e3e    00000002     --HOLE-- [fill = 0]
                  00005e40    0000001c     driverlib.a : dl_timer.o (.text.DL_Timer_setCaptCompUpdateMethod)
                  00005e5c    0000001c                 : dl_timer.o (.text.DL_Timer_setClockConfig)
                  00005e78    0000001c     libc.a : memory.c.obj (.text.free_list_remove)
                  00005e94    0000001a     clockfix_cpu_scheduler.obj (.text.cpu_run)
                  00005eae    00000002     --HOLE-- [fill = 0]
                  00005eb0    00000018     driverlib.a : dl_timer.o (.text.DL_Timer_setCaptureCompareOutCtl)
                  00005ec8    00000018     clockfix_PID.obj (.text.PID_Reset)
                  00005ee0    00000018     clockfix_ti_msp_dl_config.obj (.text.SYSCFG_DL_DMA_CH0_init)
                  00005ef8    00000018     libc.a : assert.c.obj (.text._abort_msg)
                  00005f10    00000018            : vsnprintf.c.obj (.text._outc)
                  00005f28    00000018            : sprintf.c.obj (.text._outs)
                  00005f40    00000018     clockfix_app_drive_mode.obj (.text.app_drive_mode_init)
                  00005f58    00000018     clockfix_dal_motor.obj (.text.dal_motor_set_output)
                  00005f70    00000018     clockfix_dal_motor.obj (.text.dal_motor_stop_all)
                  00005f88    00000018     clockfix_MultiTimer.obj (.text.multi_timer_install)
                  00005fa0    00000016     libclang_rt.builtins.a : comparesf2.S.obj (.text.__unordsf2)
                  00005fb6    00000002     --HOLE-- [fill = 0]
                  00005fb8    00000014                            : aeabi_uldivmod.S.obj (.text.__aeabi_uldivmod)
                  00005fcc    00000014     clockfix_bsp_pwm.obj (.text.bsp_pwm_start)
                  00005fe0    00000014     libc.a : _printfi.c.obj (.text.strchr)
                  00005ff4    00000012     driverlib.a : dl_uart.o (.text.DL_UART_setClockConfig)
                  00006006    00000012     libc.a : memcpy16.S.obj (.text:TI_memcpy_small)
                  00006018    00000012            : copy_decompress_none.c.obj (.text:decompress:none)
                  0000602a    00000002     --HOLE-- [fill = 0]
                  0000602c    00000010     driverlib.a : dl_timer.o (.text.DL_Timer_setCaptureCompareValue)
                  0000603c    00000010     clockfix_bsp_time.obj (.text.SysTick_Handler)
                  0000604c    00000010     clockfix_bsp_encoder.obj (.text.bsp_encoder_irq_unlock)
                  0000605c    00000010     clockfix_dal_gray.obj (.text.dal_gray_init)
                  0000606c    00000010     libc.a : wcslen.c.obj (.text.wcslen)
                  0000607c    00000010            : copy_zero_init.c.obj (.text:decompress:ZI)
                  0000608c    0000000e            : memory.c.obj (.text.OUTLINED_FUNCTION_0)
                  0000609a    00000002     --HOLE-- [fill = 0]
                  0000609c    0000000e     libclang_rt.builtins.a : aeabi_memset.S.obj (.text.__aeabi_memset)
                  000060aa    0000000e     clockfix_empty.obj (.text.main)
                  000060b8    0000000e     libsysbm.a : hostrename.c.obj (.text.strcpy)
                  000060c6    0000000e     libc.a : _printfi.c.obj (.text.strlen)
                  000060d4    0000000e            : aeabi_portable.c.obj (.text.strlen)
                  000060e2    0000000e     libsysbm.a : hostrename.c.obj (.text.strlen)
                  000060f0    0000000e     libc.a : memset16.S.obj (.text:TI_memset_small)
                  000060fe    00000002     --HOLE-- [fill = 0]
                  00006100    0000000c     libclang_rt.builtins.a : aeabi_memset.S.obj (.text.__aeabi_memclr)
                  0000610c    0000000c     clockfix_bsp_time.obj (.text.bsp_time_get_ms)
                  00006118    0000000c     libc.a : memory.c.obj (.text.malloc)
                  00006124    0000000a     driverlib.a : dl_common.o (.text.DL_Common_delayCycles)
                  0000612e    0000000a     libc.a : _printfi.c.obj (.text.OUTLINED_FUNCTION_0)
                  00006138    00000010     libclang_rt.builtins.a : adddf3.S.obj (.tramp.__aeabi_dsub.1)
                  00006148    0000000a     libc.a : s_atan.c.obj (.text.OUTLINED_FUNCTION_0)
                  00006152    00000002     --HOLE-- [fill = 0]
                  00006154    00000010     libclang_rt.builtins.a : muldf3.S.obj (.tramp.__aeabi_dmul.1)
                  00006164    0000000a     libc.a : _printfi.c.obj (.text.OUTLINED_FUNCTION_1)
                  0000616e    0000000a            : sprintf.c.obj (.text._outc)
                  00006178    0000000a     clockfix_cpu_scheduler.obj (.text.cpu_platform_ticks)
                  00006182    00000008     libc.a : s_atan.c.obj (.text.OUTLINED_FUNCTION_2)
                  0000618a    00000008     clockfix_ti_msp_dl_config.obj (.text.SYSCFG_DL_DMA_init)
                  00006192    00000002     --HOLE-- [fill = 0]
                  00006194    00000008     libc.a : aeabi_portable.c.obj (.text.__aeabi_errno_addr)
                  0000619c    00000008     libclang_rt.builtins.a : aeabi_memcpy.S.obj (.text.__aeabi_memcpy)
                  000061a4    00000008     clockfix_app_drive_mode.obj (.text.app_drive_mode_refresh)
                  000061ac    00000008     libc.a : fseek.c.obj (.text.fseek)
                  000061b4    00000008     libsysbm.a : remove.c.obj (.text.remove)
                  000061bc    00000006     libc.a : s_atan.c.obj (.text.OUTLINED_FUNCTION_1)
                  000061c2    00000002     --HOLE-- [fill = 0]
                  000061c4    00000010     libclang_rt.builtins.a : adddf3.S.obj (.tramp.__aeabi_dadd.1)
                  000061d4    00000006     libc.a : exit.c.obj (.text:abort)
                  000061da    00000004     libsysbm.a : hostexit.c.obj (.text.HOSTexit)
                  000061de    00000004     clockfix_PID.obj (.text.PID_ChangeSetpoint)
                  000061e2    00000004     clockfix_startup.obj (.text.Reset_Handler)
                  000061e6    00000004     libc.a : pre_init.c.obj (.text._system_pre_init)
                  000061ea    00000004     clockfix_bsp_board.obj (.text.bsp_board_idle)
                  000061ee    00000002     --HOLE-- [fill = 0]

.cinit     0    000064c0    000000f0     
                  000064c0    000000c9     (.cinit..data.load) [load image, compression = lzss]
                  00006589    00000003     --HOLE-- [fill = 0]
                  0000658c    0000000c     (__TI_handler_table)
                  00006598    00000008     (.cinit..bss.load) [load image, compression = zero_init]
                  000065a0    00000010     (__TI_cinit_table)

.rodata    0    000061f0    000002d0     
                  000061f0    00000101     libc.a : aeabi_ctype.S.obj (.rodata:__aeabi_ctype_table_)
                  000062f1    00000005     clockfix_cpu_scheduler.obj (.rodata.str1.1360352372537941289.1)
                  000062f6    00000002     clockfix_ti_msp_dl_config.obj (.rodata.gI2C_MPU6050ClockConfig)
                  000062f8    00000040     libc.a : s_atan.c.obj (.rodata.cst32)
                  00006338    00000030     clockfix_dal_motor.obj (.rodata.g_dal_motor_hw)
                  00006368    0000002a     libc.a : aeabi_portable.c.obj (.rodata.str1.1603242578795511017.1)
                  00006392    00000026     clockfix_app_line_follow.obj (.rodata.str1.1050289139945401955.1)
                  000063b8    00000020     clockfix_ringbuffer.obj (.rodata.str1.17650855486320309568.1)
                  000063d8    00000018     clockfix_ti_msp_dl_config.obj (.rodata.gDMA_CH0Config)
                  000063f0    00000018     libc.a : aeabi_portable.c.obj (.rodata.str1.12460630753207392619.1)
                  00006408    00000011            : _printfi.c.obj (.rodata.str1.10348868589481759720.1)
                  00006419    00000011            : _printfi.c.obj (.rodata.str1.15363888844622738466.1)
                  0000642a    00000011     clockfix_cpu_scheduler.obj (.rodata.str1.18230065183456260652.1)
                  0000643b    00000010     clockfix_drv_encoder.obj (.rodata.cst16)
                  0000644b    0000000f     clockfix_cpu_scheduler.obj (.rodata.str1.17794540656774893685.1)
                  0000645a    0000000e     clockfix_cpu_scheduler.obj (.rodata.str1.18277570335927844800.1)
                  00006468    0000000e     clockfix_ringbuffer.obj (.rodata.str1.9008262714410670328.1)
                  00006476    0000000b     clockfix_ringbuffer.obj (.rodata.str1.14590611333825221842.1)
                  00006481    00000001     --HOLE-- [fill = 0]
                  00006482    0000000a     clockfix_ti_msp_dl_config.obj (.rodata.gUART_DEBUGConfig)
                  0000648c    00000009     clockfix_ringbuffer.obj (.rodata.str1.11056550997094824159.1)
                  00006495    00000003     clockfix_ti_msp_dl_config.obj (.rodata.gMOTOR_PWMClockConfig)
                  00006498    00000008     clockfix_ti_msp_dl_config.obj (.rodata.gMOTOR_PWMConfig)
                  000064a0    00000008     clockfix_dal_mpu6050.obj (.rodata.g_dal_mpu6050_cfg)
                  000064a8    00000008     clockfix_cpu_scheduler.obj (.rodata.str1.3189749613601714832.1)
                  000064b0    00000004     clockfix_cpu_scheduler.obj (.rodata.str1.14143204672668179648.1)
                  000064b4    00000002     clockfix_ti_msp_dl_config.obj (.rodata.gUART_DEBUGClockConfig)
                  000064b6    00000002     clockfix_dal_encoder.obj (.rodata.g_dal_encoder_bsp_channels)
                  000064b8    00000008     --HOLE-- [fill = 0]

.init_array 
*          0    00000000    00000000     UNINITIALIZED

.binit     0    00000000    00000000     

.bss       0    20200000    00000ab4     UNINITIALIZED
                  20200000    00000200     clockfix_bsp_uart.obj (.bss.g_bsp_uart_rx_pool)
                  20200200    00000200     clockfix_bsp_uart.obj (.bss.g_bsp_uart_tx_pool)
                  20200400    000001c0     (.common:pid_gather)
                  202005c0    00000120     libsysbm.a : trgmsg.c.obj (.bss:_CIOBUF_)
                  202006e0    00000100     clockfix_bsp_uart.obj (.bss.g_bsp_uart_printf_buf)
                  202007e0    000000a0     libc.a : defs.c.obj (.bss.__TI_tmpnams)
                  20200880    00000048     clockfix_dal_mpu6050.obj (.bss.g_dal_mpu6050_kalman_x)
                  202008c8    00000048     clockfix_dal_mpu6050.obj (.bss.g_dal_mpu6050_kalman_y)
                  20200910    00000044     (.common:g_dal_mpu6050_sample)
                  20200954    00000040     clockfix_bsp_uart.obj (.bss.g_bsp_uart_rx_dma_buf)
                  20200994    00000040     (.common:g_dal_motor_instances)
                  202009d4    00000020     clockfix_dal_encoder.obj (.bss.g_dal_encoder_instances)
                  202009f4    00000020     (.common:g_dal_encoder_sample)
                  20200a14    00000010     clockfix_bsp_i2c.obj (.bss.g_bsp_i2c_tx)
                  20200a24    0000000e     clockfix_dal_mpu6050.obj (.bss.g_dal_mpu6050_frame)
                  20200a32    00000002     clockfix_bsp_i2c.obj (.bss.g_bsp_i2c_rx_count)
                  20200a34    0000000c     clockfix_bsp_uart.obj (.bss.g_bsp_uart_rx_rb)
                  20200a40    0000000c     clockfix_bsp_uart.obj (.bss.g_bsp_uart_tx_rb)
                  20200a4c    0000000c     (.common:g_dal_gray_sample)
                  20200a58    00000008     clockfix_dal_encoder.obj (.bss.g_dal_encoder_last_count)
                  20200a60    00000008     clockfix_dal_mpu6050.obj (.bss.g_dal_mpu6050_yaw_mdeg)
                  20200a68    00000008     libsysbm.a : hostopen.c.obj (.bss.parmbuf)
                  20200a70    00000008     (.common:g_dal_key_sample)
                  20200a78    00000004     clockfix_app_line_follow.obj (.bss.g_app_line_follow_debug_last_print_ms)
                  20200a7c    00000004     clockfix_app_straight_drive.obj (.bss.g_app_straight_drive_state.1)
                  20200a80    00000004     clockfix_bsp_encoder.obj (.bss.g_bsp_encoder_callback_context)
                  20200a84    00000004     clockfix_bsp_encoder.obj (.bss.g_bsp_encoder_edge_callback)
                  20200a88    00000004     clockfix_bsp_i2c.obj (.bss.g_bsp_i2c_deadline_ms)
                  20200a8c    00000004     clockfix_bsp_i2c.obj (.bss.g_bsp_i2c_rx)
                  20200a90    00000004     clockfix_dal_mpu6050.obj (.bss.g_dal_mpu6050_error_retry_ms)
                  20200a94    00000004     clockfix_dal_mpu6050.obj (.bss.g_dal_mpu6050_gyro_z_bias_mdps)
                  20200a98    00000004     clockfix_dal_mpu6050.obj (.bss.g_dal_mpu6050_last_ms)
                  20200a9c    00000004     clockfix_dal_mpu6050.obj (.bss.g_dal_mpu6050_sample_due_ms)
                  20200aa0    00000004     libc.a : memory.c.obj (.bss.sys_free)
                  20200aa4    00000002     clockfix_bsp_i2c.obj (.bss.g_bsp_i2c_rx_len)
                  20200aa6    00000002     clockfix_bsp_i2c.obj (.bss.g_bsp_i2c_tx_count)
                  20200aa8    00000002     clockfix_bsp_i2c.obj (.bss.g_bsp_i2c_tx_len)
                  20200aaa    00000002     clockfix_bsp_uart.obj (.bss.g_bsp_uart_rx_frame_size)
                  20200aac    00000002     clockfix_dal_encoder.obj (.bss.g_dal_encoder_has_last_count)
                  20200aae    00000001     clockfix_bsp_i2c.obj (.bss.g_bsp_i2c_addr)
                  20200aaf    00000001     clockfix_bsp_i2c.obj (.bss.g_bsp_i2c_op)
                  20200ab0    00000001     clockfix_app_straight_drive.obj (.bss.g_app_straight_drive_state.0)
                  20200ab1    00000001     clockfix_dal_mpu6050.obj (.bss.g_dal_mpu6050_cfg_idx)
                  20200ab2    00000001     clockfix_dal_mpu6050.obj (.bss.g_dal_mpu6050_who)
                  20200ab3    00000001     clockfix_dal_mpu6050.obj (.bss.g_dal_mpu6050_yaw_bias_skip_count)

.sysmem    0    20200ab8    00000800     UNINITIALIZED
                  20200ab8    00000010     libc.a : memory.c.obj (.sysmem)
                  20200ac8    000007f0     --HOLE--

.data      0    202012b8    00000341     UNINITIALIZED
                  202012b8    00000150     clockfix_cpu_scheduler.obj (.data.g_cpu_tasks)
                  20201408    000000f0     libc.a : defs.c.obj (.data._ftable)
                  202014f8    00000078     libsysbm.a : host_device.c.obj (.data._device)
                  20201570    00000050                : host_device.c.obj (.data._stream)
                  202015c0    00000008     libc.a : exit.c.obj (.data..L_MergedGlobals)
                  202015c8    00000004            : defs.c.obj (.data.__TI_ft_end)
                  202015cc    00000004            : aeabi_portable.c.obj (.data.__aeabi_errno)
                  202015d0    00000004            : _lock.c.obj (.data._lock)
                  202015d4    00000004            : _lock.c.obj (.data._unlock)
                  202015d8    00000004     clockfix_bsp_time.obj (.data.g_bsp_time_ms)
                  202015dc    00000004     clockfix_bsp_uart.obj (.data.g_bsp_uart_error_callback.0)
                  202015e0    00000004     clockfix_bsp_uart.obj (.data.g_bsp_uart_rx_callback.0)
                  202015e4    00000004     clockfix_MultiTimer.obj (.data.g_multi_timer_list)
                  202015e8    00000004     clockfix_MultiTimer.obj (.data.g_multi_timer_ticks_func)
                  202015ec    00000001     clockfix_bsp_i2c.obj (.data.g_bsp_i2c_state)
                  202015ed    00000001     clockfix_dal_mpu6050.obj (.data.g_dal_mpu6050_addr)
                  202015ee    00000001     clockfix_dal_key.obj (.data.g_dal_key1_channel.4)
                  202015ef    00000001     clockfix_dal_mpu6050.obj (.data.g_dal_mpu6050_has_sample)
                  202015f0    00000001     clockfix_dal_key.obj (.data.g_dal_key1_channel.3)
                  202015f1    00000001     clockfix_dal_mpu6050.obj (.data.g_dal_mpu6050_state)
                  202015f2    00000002     --HOLE--
                  202015f4    00000001     clockfix_dal_key.obj (.data.g_dal_key1_channel.5)
                  202015f5    00000003     --HOLE--
                  202015f8    00000001     libc.a : memory.c.obj (.data.memory_is_initialized)

.stack     0    20207e00    00000200     UNINITIALIZED
                  20207e00    00000004     libc.a : boot_cortex_m.c.obj (.stack)
                  20207e04    000001fc     --HOLE--

__llvm_prf_cnts 
*          0    20200000    00000000     UNINITIALIZED

__llvm_prf_bits 
*          0    20200000    00000000     UNINITIALIZED

MODULE SUMMARY

       Module                            code    ro data   rw data
       ------                            ----    -------   -------
    <current directory>
       clockfix_dal_mpu6050.obj          2668    8         256    
       clockfix_bsp_uart.obj             948     0         1378   
       clockfix_bsp_i2c.obj              1388    0         35     
       clockfix_app_line_follow.obj      900     38        4      
       clockfix_cpu_scheduler.obj        528     63        336    
       clockfix_ti_msp_dl_config.obj     768     49        0      
       clockfix_ringbuffer.obj           646     66        0      
       clockfix_dal_pid.obj              220     0         448    
       clockfix_dal_encoder.obj          516     2         74     
       clockfix_dal_gray.obj             368     0         12     
       clockfix_drv_motor.obj            344     0         0      
       clockfix_PID.obj                  314     0         0      
       clockfix_bsp_encoder.obj          296     0         8      
       clockfix_MultiTimer.obj           248     0         8      
       clockfix_dal_motor.obj            124     48        64     
       clockfix_startup.obj              6       192       0      
       clockfix_drv_encoder.obj          166     16        0      
       clockfix_dal_key.obj              140     0         11     
       clockfix_app_straight_drive.obj   120     0         5      
       clockfix_bsp_time.obj             100     0         4      
       clockfix_bsp_pwm.obj              92      0         0      
       clockfix_bsp_board.obj            42      0         0      
       clockfix_app_drive_mode.obj       32      0         0      
       clockfix_empty.obj                14      0         0      
    +--+---------------------------------+-------+---------+---------+
       Total:                            10988   482       2643   
                                                                  
    C:\ti\ti_cgt_arm_llvm_4.0.2.LTS\lib\armv6m-ti-none-eabi/c/libc.a
       _printfi.c.obj                    4510    34        0      
       s_atan.c.obj                      784     64        0      
       memory.c.obj                      702     0         5      
       defs.c.obj                        0       0         404    
       e_atan2.c.obj                     392     0         0      
       e_sqrt.c.obj                      368     0         0      
       aeabi_ctype.S.obj                 0       257       0      
       fputs.c.obj                       248     0         0      
       setvbuf.c.obj                     224     0         0      
       s_scalbn.c.obj                    216     0         0      
       fflush.c.obj                      178     0         0      
       aeabi_portable.c.obj              90      66        4      
       getdevice.c.obj                   160     0         0      
       strcmp-armv6m.S.obj               136     0         0      
       vsnprintf.c.obj                   136     0         0      
       copy_decompress_lzss.c.obj        124     0         0      
       fclose.c.obj                      124     0         0      
       fseek.c.obj                       116     0         0      
       _io_perm.c.obj                    100     0         0      
       s_frexp.c.obj                     92      0         0      
       sprintf.c.obj                     90      0         0      
       _ltoa.c.obj                       88      0         0      
       exit.c.obj                        58      0         8      
       atoi.c.obj                        64      0         0      
       autoinit.c.obj                    60      0         0      
       fopen.c.obj                       52      0         0      
       boot_cortex_m.c.obj               40      0         0      
       memccpy.c.obj                     34      0         0      
       assert.c.obj                      24      0         0      
       copy_decompress_none.c.obj        18      0         0      
       memcpy16.S.obj                    18      0         0      
       copy_zero_init.c.obj              16      0         0      
       wcslen.c.obj                      16      0         0      
       memset16.S.obj                    14      0         0      
       _lock.c.obj                       2       0         8      
       pre_init.c.obj                    4       0         0      
    +--+---------------------------------+-------+---------+---------+
       Total:                            9298    421       429    
                                                                  
    C:\ti\ti_cgt_arm_llvm_4.0.2.LTS\lib\armv6m-ti-none-eabi/c/libsysbm.a
       trgmsg.c.obj                      104     0         288    
       host_device.c.obj                 0       0         200    
       hostrename.c.obj                  136     0         0      
       hostlseek.c.obj                   108     0         0      
       hostopen.c.obj                    96      0         8      
       hostread.c.obj                    88      0         0      
       hostwrite.c.obj                   88      0         0      
       close.c.obj                       80      0         0      
       hostclose.c.obj                   72      0         0      
       hostunlink.c.obj                  72      0         0      
       unlink.c.obj                      44      0         0      
       lseek.c.obj                       40      0         0      
       write.c.obj                       40      0         0      
       remove.c.obj                      8       0         0      
       hostexit.c.obj                    4       0         0      
    +--+---------------------------------+-------+---------+---------+
       Total:                            980     0         496    
                                                                  
    C:\ti\ti_cgt_arm_llvm_4.0.2.LTS\lib\armv6m-ti-none-eabi/libclang_rt.builtins.a
       adddf3.S.obj                      434     0         0      
       divdf3.S.obj                      268     0         0      
       muldf3.S.obj                      244     0         0      
       comparedf2.c.obj                  220     0         0      
       addsf3.S.obj                      216     0         0      
       udivmoddi4.S.obj                  162     0         0      
       comparesf2.S.obj                  140     0         0      
       mulsf3.S.obj                      140     0         0      
       divsf3.S.obj                      130     0         0      
       fixdfdi.S.obj                     106     0         0      
       aeabi_dcmp.S.obj                  98      0         0      
       aeabi_fcmp.S.obj                  98      0         0      
       aeabi_idivmod.S.obj               86      0         0      
       fixdfsi.S.obj                     74      0         0      
       aeabi_uidivmod.S.obj              64      0         0      
       floatsisf.S.obj                   60      0         0      
       muldsi3.S.obj                     58      0         0      
       fixsfsi.S.obj                     56      0         0      
       floatsidf.S.obj                   44      0         0      
       floatunsisf.S.obj                 40      0         0      
       floatunsidf.S.obj                 36      0         0      
       muldi3.S.obj                      36      0         0      
       ashldi3.S.obj                     30      0         0      
       aeabi_memset.S.obj                26      0         0      
       aeabi_uldivmod.S.obj              20      0         0      
       aeabi_memcpy.S.obj                8       0         0      
       aeabi_div0.c.obj                  4       0         0      
    +--+---------------------------------+-------+---------+---------+
       Total:                            2898    0         0      
                                                                  
    D:\TI\M0_SDA\mspm0_sdk_2_02_00_05/source/ti/driverlib/lib/ticlang/m0p/mspm0g1x0x_g3x0x/driverlib.a
       dl_timer.o                        360     0         0      
       dl_i2c.o                          132     0         0      
       dl_uart.o                         90      0         0      
       dl_dma.o                          76      0         0      
       dl_common.o                       10      0         0      
    +--+---------------------------------+-------+---------+---------+
       Total:                            668     0         0      
                                                                  
       Heap:                             0       0         2048   
       Stack:                            0       0         512    
       Linker Generated:                 0       237       0      
    +--+---------------------------------+-------+---------+---------+
       Grand Total:                      24832   1140      6128   


LINKER GENERATED COPY TABLES

__TI_cinit_table @ 000065a0 records: 2, size/record: 8, table size: 16
	.data: load addr=000064c0, load size=000000c9 bytes, run addr=202012b8, run size=00000341 bytes, compression=lzss
	.bss: load addr=00006598, load size=00000008 bytes, run addr=20200000, run size=00000ab4 bytes, compression=zero_init


LINKER GENERATED HANDLER TABLE

__TI_handler_table @ 0000658c records: 3, size/record: 4, table size: 12
	index: 0, handler: __TI_decompress_lzss
	index: 1, handler: __TI_decompress_none
	index: 2, handler: __TI_zero_init


FAR CALL TRAMPOLINES

callee name               trampoline name
   callee addr  tramp addr   call addr  call info
--------------  -----------  ---------  ----------------
__aeabi_dsub              $Tramp$TT$L$PI$$__aeabi_dsub
   00002421     00006138     00006136   libc.a : _printfi.c.obj (.text.OUTLINED_FUNCTION_0)
__aeabi_dmul              $Tramp$TT$L$PI$$__aeabi_dmul
   00003491     00006154     00006150   libc.a : s_atan.c.obj (.text.OUTLINED_FUNCTION_0)
                             00006188          : s_atan.c.obj (.text.OUTLINED_FUNCTION_2)
__aeabi_dadd              $Tramp$TT$L$PI$$__aeabi_dadd
   0000242b     000061c4     000061c0   libc.a : s_atan.c.obj (.text.OUTLINED_FUNCTION_1)

[3 trampolines]
[4 trampoline calls]


GLOBAL SYMBOLS: SORTED ALPHABETICALLY BY Name 

address   name                            
-------   ----                            
000025b3  ADC0_IRQHandler                 
000025b3  ADC1_IRQHandler                 
000025b3  AES_IRQHandler                  
000061da  C$$EXIT                         
00005ab9  C$$IO$$                         
000025b3  CANFD0_IRQHandler               
000025b3  DAC0_IRQHandler                 
00006125  DL_Common_delayCycles           
0000522d  DL_DMA_initChannel              
00004d71  DL_I2C_fillControllerTXFIFO     
00005d01  DL_I2C_setClockConfig           
00002fd9  DL_Timer_initFourCCPWMMode      
00005e41  DL_Timer_setCaptCompUpdateMethod
00005eb1  DL_Timer_setCaptureCompareOutCtl
0000602d  DL_Timer_setCaptureCompareValue 
00005e5d  DL_Timer_setClockConfig         
0000535d  DL_UART_init                    
00005ff5  DL_UART_setClockConfig          
000025b3  DMA_IRQHandler                  
000025b3  Default_Handler                 
00005d27  Encoder_Init                    
0000443d  Encoder_Update                  
000025b3  GROUP0_IRQHandler               
0000503d  GROUP1_IRQHandler               
000053a5  HOSTclose                       
000061db  HOSTexit                        
000046a9  HOSTlseek                       
00004bf1  HOSTopen                        
00004e2d  HOSTread                        
00004715  HOSTrename                      
000053ed  HOSTunlink                      
00004e85  HOSTwrite                       
000025b3  HardFault_Handler               
00001a35  I2C0_IRQHandler                 
000025b3  I2C1_IRQHandler                 
000052c5  Motor_Init                      
000039bd  Motor_SetOutput                 
00005859  Motor_Stop                      
000025b3  NMI_Handler                     
000061df  PID_ChangeSetpoint              
00003b65  PID_Compute1_Rectangle          
000050e5  PID_Init                        
00005ec9  PID_Reset                       
000025b3  PendSV_Handler                  
000025b3  RTC_IRQHandler                  
000061e3  Reset_Handler                   
000025b3  SPI0_IRQHandler                 
000025b3  SPI1_IRQHandler                 
000025b3  SVC_Handler                     
00005ee1  SYSCFG_DL_DMA_CH0_init          
0000618b  SYSCFG_DL_DMA_init              
00003db1  SYSCFG_DL_GPIO_init             
000048c5  SYSCFG_DL_I2C_MPU6050_init      
000044bd  SYSCFG_DL_MOTOR_PWM_init        
00005665  SYSCFG_DL_SYSCTL_init           
0000405d  SYSCFG_DL_UART_DEBUG_init       
00005ddf  SYSCFG_DL_init                  
00005435  SYSCFG_DL_initPower             
0000603d  SysTick_Handler                 
000025b3  TIMA0_IRQHandler                
000025b3  TIMA1_IRQHandler                
000025b3  TIMG0_IRQHandler                
000025b3  TIMG12_IRQHandler               
000025b3  TIMG6_IRQHandler                
000025b3  TIMG7_IRQHandler                
000025b3  TIMG8_IRQHandler                
00006007  TI_memcpy_small                 
000060f1  TI_memset_small                 
000020d9  UART0_IRQHandler                
000025b3  UART1_IRQHandler                
000025b3  UART2_IRQHandler                
000025b3  UART3_IRQHandler                
202005c0  _CIOBUF_                        
202005c0  __CIOBUF_                       
20208000  __STACK_END                     
00000200  __STACK_SIZE                    
00000800  __SYSMEM_SIZE                   
00000000  __TI_ATRegion0_region_sz        
00000000  __TI_ATRegion0_src_addr         
00000000  __TI_ATRegion0_trg_addr         
00000000  __TI_ATRegion1_region_sz        
00000000  __TI_ATRegion1_src_addr         
00000000  __TI_ATRegion1_trg_addr         
00000000  __TI_ATRegion2_region_sz        
00000000  __TI_ATRegion2_src_addr         
00000000  __TI_ATRegion2_trg_addr         
000065a0  __TI_CINIT_Base                 
000065b0  __TI_CINIT_Limit                
000065b0  __TI_CINIT_Warm                 
0000658c  __TI_Handler_Table_Base         
00006598  __TI_Handler_Table_Limit        
0000581d  __TI_auto_init_nobinit_nopinit  
00005a25  __TI_cleanup                    
202015c0  __TI_cleanup_ptr                
0000453d  __TI_closefile                  
000045b9  __TI_decompress_lzss            
00006019  __TI_decompress_none            
00005137  __TI_doflush                    
202015c4  __TI_dtors_ptr                  
202015c8  __TI_ft_end                     
00004edd  __TI_ltoa                       
ffffffff  __TI_pprof_out_hndl             
000000c1  __TI_printfi                    
ffffffff  __TI_prof_data_size             
ffffffff  __TI_prof_data_start            
00005a59  __TI_readmsg                    
00000000  __TI_static_base__              
202007e0  __TI_tmpnams                    
00005a8d  __TI_writemsg                   
000049fb  __TI_wrt_ok                     
0000607d  __TI_zero_init                  
0000242b  __adddf3                        
000038ef  __addsf3                        
00005555  __aeabi_assert                  
000061f0  __aeabi_ctype_table_            
000061f0  __aeabi_ctype_table_C           
00005311  __aeabi_d2iz                    
00004859  __aeabi_d2lz                    
0000242b  __aeabi_dadd                    
00004b29  __aeabi_dcmpeq                  
00004b65  __aeabi_dcmpge                  
00004b79  __aeabi_dcmpgt                  
00004b51  __aeabi_dcmple                  
00004b3d  __aeabi_dcmplt                  
00002ecd  __aeabi_ddiv                    
00003491  __aeabi_dmul                    
00002421  __aeabi_dsub                    
202015cc  __aeabi_errno                   
00006195  __aeabi_errno_addr              
0000590d  __aeabi_f2iz                    
000038ef  __aeabi_fadd                    
00004b8d  __aeabi_fcmpeq                  
00004bc9  __aeabi_fcmpge                  
00004bdd  __aeabi_fcmpgt                  
00004bb5  __aeabi_fcmple                  
00004ba1  __aeabi_fcmplt                  
00005fa1  __aeabi_fcmpun                  
000043b9  __aeabi_fdiv                    
0000421d  __aeabi_fmul                    
000038e5  __aeabi_fsub                    
00005bb9  __aeabi_i2d                     
000057a5  __aeabi_i2f                     
00004fe5  __aeabi_idiv                    
0000405b  __aeabi_idiv0                   
00004fe5  __aeabi_idivmod                 
0000443b  __aeabi_ldiv0                   
00005e21  __aeabi_llsl                    
00005d99  __aeabi_lmul                    
00006101  __aeabi_memclr                  
00006101  __aeabi_memclr4                 
00006101  __aeabi_memclr8                 
0000619d  __aeabi_memcpy                  
0000619d  __aeabi_memcpy4                 
0000619d  __aeabi_memcpy8                 
0000609d  __aeabi_memset                  
0000609d  __aeabi_memset4                 
0000609d  __aeabi_memset8                 
00005d75  __aeabi_ui2d                    
00005c11  __aeabi_ui2f                    
000056a5  __aeabi_uidiv                   
000056a5  __aeabi_uidivmod                
00005fb9  __aeabi_uldivmod                
00005e21  __ashldi3                       
ffffffff  __binit__                       
0000492d  __cmpdf2                        
00005895  __cmpsf2                        
00002ecd  __divdf3                        
000043b9  __divsf3                        
0000492d  __eqdf2                         
00005895  __eqsf2                         
00004859  __fixdfdi                       
00005311  __fixdfsi                       
0000590d  __fixsfsi                       
00005bb9  __floatsidf                     
000057a5  __floatsisf                     
00005d75  __floatunsidf                   
00005c11  __floatunsisf                   
00004635  __gedf2                         
000057e1  __gesf2                         
00004635  __gtdf2                         
000057e1  __gtsf2                         
0000492d  __ledf2                         
00005895  __lesf2                         
0000492d  __ltdf2                         
00005895  __ltsf2                         
UNDEFED   __mpu_init                      
00003491  __muldf3                        
00005d99  __muldi3                        
000058d1  __muldsi3                       
0000421d  __mulsf3                        
0000492d  __nedf2                         
00005895  __nesf2                         
20207e00  __stack                         
20200000  __start___llvm_prf_bits         
20200000  __start___llvm_prf_cnts         
20200000  __stop___llvm_prf_bits          
20200000  __stop___llvm_prf_cnts          
00002421  __subdf3                        
000038e5  __subsf3                        
00003fb9  __udivmoddi4                    
00005fa1  __unordsf2                      
00005ef9  _abort_msg                      
00005cd9  _c_int00_noargs                 
202014f8  _device                         
20201408  _ftable                         
202015d0  _lock                           
000048c3  _nop                            
20201570  _stream                         
20200ab8  _sys_memory                     
UNDEFED   _system_post_cinit              
000061e7  _system_pre_init                
202015d4  _unlock                         
000061d5  abort                           
00002db9  aligned_alloc                   
00005f41  app_drive_mode_init             
000061a5  app_drive_mode_refresh          
00005945  app_line_follow_init            
00001421  app_line_follow_refresh         
00005b89  app_line_follow_stop            
000056e5  app_straight_drive_init         
0000597d  app_straight_drive_stop         
0000173d  atan                            
000025b5  atan2                           
000025b5  atan2l                          
0000173d  atanl                           
00005725  atoi                            
ffffffff  binit                           
000061eb  bsp_board_idle                  
00005d4d  bsp_board_init                  
00004c51  bsp_encoder_init                
00005e01  bsp_encoder_irq_lock            
0000604d  bsp_encoder_irq_unlock          
00005599  bsp_encoder_read_phases         
000059b5  bsp_i2c_init                    
000031d9  bsp_i2c_mem_read_async          
00002a0d  bsp_i2c_mem_write_async         
00005091  bsp_i2c_poll                    
0000547d  bsp_pwm_set_duty                
00005fcd  bsp_pwm_start                   
0000610d  bsp_time_get_ms                 
000054c5  bsp_time_init                   
00003e65  bsp_uart_init                   
0000418d  bsp_uart_try_printf             
000051dd  close                           
0000227d  cpu_init                        
00005e95  cpu_run                         
000032c1  dal_encoder_init                
00003cf5  dal_encoder_update_speed        
0000605d  dal_gray_init                   
000028ad  dal_gray_refresh                
00005c39  dal_key_init                    
00004a61  dal_key_refresh                 
00005279  dal_motor_init                  
00005f59  dal_motor_set_output            
00005f71  dal_motor_stop_all              
00003655  dal_mpu6050_init                
00000a91  dal_mpu6050_refresh             
00003731  dal_pid_init                    
00005ac1  exit                            
00004d11  fflush                          
00005af5  finddevice                      
000030e1  fputs                           
000033a9  free                            
00004dd1  frexp                           
00004dd1  frexpl                          
000061ad  fseek                           
00004781  fseeko                          
202009f4  g_dal_encoder_sample            
20200a4c  g_dal_gray_sample               
20200a70  g_dal_key_sample                
20200994  g_dal_motor_instances           
20200910  g_dal_mpu6050_sample            
000047ed  getdevice                       
00000000  interruptVectors                
0000380d  ldexp                           
0000380d  ldexpl                          
00005c89  lseek                           
000060ab  main                            
00006119  malloc                          
00002db9  memalign                        
00005dbd  memccpy                         
00005f89  multi_timer_install             
000042a9  multi_timer_start               
00004f8d  multi_timer_yield               
20200a68  parmbuf                         
20200400  pid_gather                      
000061b5  remove                          
00005621  rt_ringbuffer_data_len          
00003f11  rt_ringbuffer_getchar           
000055dd  rt_ringbuffer_init              
00003c31  rt_ringbuffer_put               
000040f9  rt_ringbuffer_putchar           
0000380d  scalbn                          
0000380d  scalbnl                         
00003575  setvbuf                         
000059ed  sprintf                         
0000273d  sqrt                            
0000273d  sqrtl                           
00004331  strcmp                          
00005be5  unlink                          
00005765  vsnprintf                       
0000606d  wcslen                          
00005cb1  write                           


GLOBAL SYMBOLS: SORTED BY Symbol Address 

address   name                            
-------   ----                            
00000000  __TI_ATRegion0_region_sz        
00000000  __TI_ATRegion0_src_addr         
00000000  __TI_ATRegion0_trg_addr         
00000000  __TI_ATRegion1_region_sz        
00000000  __TI_ATRegion1_src_addr         
00000000  __TI_ATRegion1_trg_addr         
00000000  __TI_ATRegion2_region_sz        
00000000  __TI_ATRegion2_src_addr         
00000000  __TI_ATRegion2_trg_addr         
00000000  __TI_static_base__              
00000000  interruptVectors                
000000c1  __TI_printfi                    
00000200  __STACK_SIZE                    
00000800  __SYSMEM_SIZE                   
00000a91  dal_mpu6050_refresh             
00001421  app_line_follow_refresh         
0000173d  atan                            
0000173d  atanl                           
00001a35  I2C0_IRQHandler                 
000020d9  UART0_IRQHandler                
0000227d  cpu_init                        
00002421  __aeabi_dsub                    
00002421  __subdf3                        
0000242b  __adddf3                        
0000242b  __aeabi_dadd                    
000025b3  ADC0_IRQHandler                 
000025b3  ADC1_IRQHandler                 
000025b3  AES_IRQHandler                  
000025b3  CANFD0_IRQHandler               
000025b3  DAC0_IRQHandler                 
000025b3  DMA_IRQHandler                  
000025b3  Default_Handler                 
000025b3  GROUP0_IRQHandler               
000025b3  HardFault_Handler               
000025b3  I2C1_IRQHandler                 
000025b3  NMI_Handler                     
000025b3  PendSV_Handler                  
000025b3  RTC_IRQHandler                  
000025b3  SPI0_IRQHandler                 
000025b3  SPI1_IRQHandler                 
000025b3  SVC_Handler                     
000025b3  TIMA0_IRQHandler                
000025b3  TIMA1_IRQHandler                
000025b3  TIMG0_IRQHandler                
000025b3  TIMG12_IRQHandler               
000025b3  TIMG6_IRQHandler                
000025b3  TIMG7_IRQHandler                
000025b3  TIMG8_IRQHandler                
000025b3  UART1_IRQHandler                
000025b3  UART2_IRQHandler                
000025b3  UART3_IRQHandler                
000025b5  atan2                           
000025b5  atan2l                          
0000273d  sqrt                            
0000273d  sqrtl                           
000028ad  dal_gray_refresh                
00002a0d  bsp_i2c_mem_write_async         
00002db9  aligned_alloc                   
00002db9  memalign                        
00002ecd  __aeabi_ddiv                    
00002ecd  __divdf3                        
00002fd9  DL_Timer_initFourCCPWMMode      
000030e1  fputs                           
000031d9  bsp_i2c_mem_read_async          
000032c1  dal_encoder_init                
000033a9  free                            
00003491  __aeabi_dmul                    
00003491  __muldf3                        
00003575  setvbuf                         
00003655  dal_mpu6050_init                
00003731  dal_pid_init                    
0000380d  ldexp                           
0000380d  ldexpl                          
0000380d  scalbn                          
0000380d  scalbnl                         
000038e5  __aeabi_fsub                    
000038e5  __subsf3                        
000038ef  __addsf3                        
000038ef  __aeabi_fadd                    
000039bd  Motor_SetOutput                 
00003b65  PID_Compute1_Rectangle          
00003c31  rt_ringbuffer_put               
00003cf5  dal_encoder_update_speed        
00003db1  SYSCFG_DL_GPIO_init             
00003e65  bsp_uart_init                   
00003f11  rt_ringbuffer_getchar           
00003fb9  __udivmoddi4                    
0000405b  __aeabi_idiv0                   
0000405d  SYSCFG_DL_UART_DEBUG_init       
000040f9  rt_ringbuffer_putchar           
0000418d  bsp_uart_try_printf             
0000421d  __aeabi_fmul                    
0000421d  __mulsf3                        
000042a9  multi_timer_start               
00004331  strcmp                          
000043b9  __aeabi_fdiv                    
000043b9  __divsf3                        
0000443b  __aeabi_ldiv0                   
0000443d  Encoder_Update                  
000044bd  SYSCFG_DL_MOTOR_PWM_init        
0000453d  __TI_closefile                  
000045b9  __TI_decompress_lzss            
00004635  __gedf2                         
00004635  __gtdf2                         
000046a9  HOSTlseek                       
00004715  HOSTrename                      
00004781  fseeko                          
000047ed  getdevice                       
00004859  __aeabi_d2lz                    
00004859  __fixdfdi                       
000048c3  _nop                            
000048c5  SYSCFG_DL_I2C_MPU6050_init      
0000492d  __cmpdf2                        
0000492d  __eqdf2                         
0000492d  __ledf2                         
0000492d  __ltdf2                         
0000492d  __nedf2                         
000049fb  __TI_wrt_ok                     
00004a61  dal_key_refresh                 
00004b29  __aeabi_dcmpeq                  
00004b3d  __aeabi_dcmplt                  
00004b51  __aeabi_dcmple                  
00004b65  __aeabi_dcmpge                  
00004b79  __aeabi_dcmpgt                  
00004b8d  __aeabi_fcmpeq                  
00004ba1  __aeabi_fcmplt                  
00004bb5  __aeabi_fcmple                  
00004bc9  __aeabi_fcmpge                  
00004bdd  __aeabi_fcmpgt                  
00004bf1  HOSTopen                        
00004c51  bsp_encoder_init                
00004d11  fflush                          
00004d71  DL_I2C_fillControllerTXFIFO     
00004dd1  frexp                           
00004dd1  frexpl                          
00004e2d  HOSTread                        
00004e85  HOSTwrite                       
00004edd  __TI_ltoa                       
00004f8d  multi_timer_yield               
00004fe5  __aeabi_idiv                    
00004fe5  __aeabi_idivmod                 
0000503d  GROUP1_IRQHandler               
00005091  bsp_i2c_poll                    
000050e5  PID_Init                        
00005137  __TI_doflush                    
000051dd  close                           
0000522d  DL_DMA_initChannel              
00005279  dal_motor_init                  
000052c5  Motor_Init                      
00005311  __aeabi_d2iz                    
00005311  __fixdfsi                       
0000535d  DL_UART_init                    
000053a5  HOSTclose                       
000053ed  HOSTunlink                      
00005435  SYSCFG_DL_initPower             
0000547d  bsp_pwm_set_duty                
000054c5  bsp_time_init                   
00005555  __aeabi_assert                  
00005599  bsp_encoder_read_phases         
000055dd  rt_ringbuffer_init              
00005621  rt_ringbuffer_data_len          
00005665  SYSCFG_DL_SYSCTL_init           
000056a5  __aeabi_uidiv                   
000056a5  __aeabi_uidivmod                
000056e5  app_straight_drive_init         
00005725  atoi                            
00005765  vsnprintf                       
000057a5  __aeabi_i2f                     
000057a5  __floatsisf                     
000057e1  __gesf2                         
000057e1  __gtsf2                         
0000581d  __TI_auto_init_nobinit_nopinit  
00005859  Motor_Stop                      
00005895  __cmpsf2                        
00005895  __eqsf2                         
00005895  __lesf2                         
00005895  __ltsf2                         
00005895  __nesf2                         
000058d1  __muldsi3                       
0000590d  __aeabi_f2iz                    
0000590d  __fixsfsi                       
00005945  app_line_follow_init            
0000597d  app_straight_drive_stop         
000059b5  bsp_i2c_init                    
000059ed  sprintf                         
00005a25  __TI_cleanup                    
00005a59  __TI_readmsg                    
00005a8d  __TI_writemsg                   
00005ab9  C$$IO$$                         
00005ac1  exit                            
00005af5  finddevice                      
00005b89  app_line_follow_stop            
00005bb9  __aeabi_i2d                     
00005bb9  __floatsidf                     
00005be5  unlink                          
00005c11  __aeabi_ui2f                    
00005c11  __floatunsisf                   
00005c39  dal_key_init                    
00005c89  lseek                           
00005cb1  write                           
00005cd9  _c_int00_noargs                 
00005d01  DL_I2C_setClockConfig           
00005d27  Encoder_Init                    
00005d4d  bsp_board_init                  
00005d75  __aeabi_ui2d                    
00005d75  __floatunsidf                   
00005d99  __aeabi_lmul                    
00005d99  __muldi3                        
00005dbd  memccpy                         
00005ddf  SYSCFG_DL_init                  
00005e01  bsp_encoder_irq_lock            
00005e21  __aeabi_llsl                    
00005e21  __ashldi3                       
00005e41  DL_Timer_setCaptCompUpdateMethod
00005e5d  DL_Timer_setClockConfig         
00005e95  cpu_run                         
00005eb1  DL_Timer_setCaptureCompareOutCtl
00005ec9  PID_Reset                       
00005ee1  SYSCFG_DL_DMA_CH0_init          
00005ef9  _abort_msg                      
00005f41  app_drive_mode_init             
00005f59  dal_motor_set_output            
00005f71  dal_motor_stop_all              
00005f89  multi_timer_install             
00005fa1  __aeabi_fcmpun                  
00005fa1  __unordsf2                      
00005fb9  __aeabi_uldivmod                
00005fcd  bsp_pwm_start                   
00005ff5  DL_UART_setClockConfig          
00006007  TI_memcpy_small                 
00006019  __TI_decompress_none            
0000602d  DL_Timer_setCaptureCompareValue 
0000603d  SysTick_Handler                 
0000604d  bsp_encoder_irq_unlock          
0000605d  dal_gray_init                   
0000606d  wcslen                          
0000607d  __TI_zero_init                  
0000609d  __aeabi_memset                  
0000609d  __aeabi_memset4                 
0000609d  __aeabi_memset8                 
000060ab  main                            
000060f1  TI_memset_small                 
00006101  __aeabi_memclr                  
00006101  __aeabi_memclr4                 
00006101  __aeabi_memclr8                 
0000610d  bsp_time_get_ms                 
00006119  malloc                          
00006125  DL_Common_delayCycles           
0000618b  SYSCFG_DL_DMA_init              
00006195  __aeabi_errno_addr              
0000619d  __aeabi_memcpy                  
0000619d  __aeabi_memcpy4                 
0000619d  __aeabi_memcpy8                 
000061a5  app_drive_mode_refresh          
000061ad  fseek                           
000061b5  remove                          
000061d5  abort                           
000061da  C$$EXIT                         
000061db  HOSTexit                        
000061df  PID_ChangeSetpoint              
000061e3  Reset_Handler                   
000061e7  _system_pre_init                
000061eb  bsp_board_idle                  
000061f0  __aeabi_ctype_table_            
000061f0  __aeabi_ctype_table_C           
0000658c  __TI_Handler_Table_Base         
00006598  __TI_Handler_Table_Limit        
000065a0  __TI_CINIT_Base                 
000065b0  __TI_CINIT_Limit                
000065b0  __TI_CINIT_Warm                 
20200000  __start___llvm_prf_bits         
20200000  __start___llvm_prf_cnts         
20200000  __stop___llvm_prf_bits          
20200000  __stop___llvm_prf_cnts          
20200400  pid_gather                      
202005c0  _CIOBUF_                        
202005c0  __CIOBUF_                       
202007e0  __TI_tmpnams                    
20200910  g_dal_mpu6050_sample            
20200994  g_dal_motor_instances           
202009f4  g_dal_encoder_sample            
20200a4c  g_dal_gray_sample               
20200a68  parmbuf                         
20200a70  g_dal_key_sample                
20200ab8  _sys_memory                     
20201408  _ftable                         
202014f8  _device                         
20201570  _stream                         
202015c0  __TI_cleanup_ptr                
202015c4  __TI_dtors_ptr                  
202015c8  __TI_ft_end                     
202015cc  __aeabi_errno                   
202015d0  _lock                           
202015d4  _unlock                         
20207e00  __stack                         
20208000  __STACK_END                     
ffffffff  __TI_pprof_out_hndl             
ffffffff  __TI_prof_data_size             
ffffffff  __TI_prof_data_start            
ffffffff  __binit__                       
ffffffff  binit                           
UNDEFED   __mpu_init                      
UNDEFED   _system_post_cinit              

[303 symbols]
