******************************************************************************
            TI ARM Clang Linker PC v4.0.2                      
******************************************************************************
>> Linked Sun Jul 12 20:36:51 2026

OUTPUT FILE NAME:   <line_follow_tick.out>
ENTRY POINT SYMBOL: "_c_int00_noargs"  address: 00004589


MEMORY CONFIGURATION

         name            origin    length      used     unused   attr    fill
----------------------  --------  ---------  --------  --------  ----  --------
  FLASH                 00000000   00020000  00004d10  0001b2f0  R  X
  SRAM                  20200000   00008000  00001597  00006a69  RW X
  BCR_CONFIG            41c00000   00000080  00000000  00000080  R   
  BSL_CONFIG            41c00100   00000080  00000000  00000080  R   


SEGMENT ALLOCATION MAP

run origin  load origin   length   init length attrs members
----------  ----------- ---------- ----------- ----- -------
00000000    00000000    00004d10   00004d10    r-x
  00000000    00000000    000000c0   000000c0    r-- .intvecs
  000000c0    000000c0    00004970   00004970    r-x .text
  00004a30    00004a30    00000250   00000250    r-- .rodata
  00004c80    00004c80    00000090   00000090    r-- .cinit
20200000    20200000    00001399   00000000    rw-
  20200000    20200000    000009a6   00000000    rw- .bss
  202009a8    202009a8    00000800   00000000    rw- .sysmem
  202011a8    202011a8    000001f1   00000000    rw- .data
20207e00    20207e00    00000200   00000000    rw-
  20207e00    20207e00    00000200   00000000    rw- .stack


SECTION ALLOCATION MAP

 output                                  attributes/
section   page    origin      length       input sections
--------  ----  ----------  ----------   ----------------
.intvecs   0    00000000    000000c0     
                  00000000    000000c0     clockfix_startup.obj (.intvecs)

.text      0    000000c0    00004970     
                  000000c0    000009d0     libc.a : _printfi.c.obj (.text:__TI_printfi)
                  00000a90    0000031c     clockfix_app_line_follow.obj (.text.app_line_follow_refresh)
                  00000dac    000002a8     clockfix_bsp_i2c.obj (.text.I2C0_IRQHandler)
                  00001054    00000220     libc.a : _printfi.c.obj (.text._pconv_a)
                  00001274    000001dc            : _printfi.c.obj (.text._pconv_g)
                  00001450    000001a4     clockfix_bsp_uart.obj (.text.UART0_IRQHandler)
                  000015f4    00000192     libclang_rt.builtins.a : adddf3.S.obj (.text.adddf3_subdf3)
                  00001786    00000002     clockfix_startup.obj (.text.Default_Handler)
                  00001788    00000160     clockfix_dal_gray.obj (.text.dal_gray_refresh)
                  000018e8    0000013c     libc.a : _printfi.c.obj (.text.fcvt)
                  00001a24    00000120            : _printfi.c.obj (.text._pconv_e)
                  00001b44    00000114            : memory.c.obj (.text.aligned_alloc)
                  00001c58    0000010c     libclang_rt.builtins.a : divdf3.S.obj (.text.__divdf3)
                  00001d64    00000104     driverlib.a : dl_timer.o (.text.DL_Timer_initFourCCPWMMode)
                  00001e68    000000f8     libc.a : fputs.c.obj (.text.fputs)
                  00001f60    000000e8     clockfix_dal_encoder.obj (.text.dal_encoder_init)
                  00002048    000000e8     libc.a : memory.c.obj (.text.free)
                  00002130    000000e4     libclang_rt.builtins.a : muldf3.S.obj (.text.__muldf3)
                  00002214    000000e0     libc.a : setvbuf.c.obj (.text.setvbuf)
                  000022f4    000000dc     clockfix_dal_pid.obj (.text.dal_pid_init)
                  000023d0    000000d8     libc.a : s_scalbn.c.obj (.text.scalbn)
                  000024a8    000000d8     libclang_rt.builtins.a : addsf3.S.obj (.text)
                  00002580    000000d4     clockfix_drv_motor.obj (.text.Motor_SetOutput)
                  00002654    000000d4     clockfix_bsp_uart.obj (.text.bsp_uart_fill_fifo)
                  00002728    000000cc     clockfix_PID.obj (.text.PID_Compute1_Rectangle)
                  000027f4    000000c4     clockfix_ringbuffer.obj (.text.rt_ringbuffer_put)
                  000028b8    000000bc     clockfix_dal_encoder.obj (.text.dal_encoder_update_speed)
                  00002974    000000b4     clockfix_ti_msp_dl_config.obj (.text.SYSCFG_DL_GPIO_init)
                  00002a28    000000ac     clockfix_bsp_uart.obj (.text.bsp_uart_init)
                  00002ad4    000000a8     clockfix_ringbuffer.obj (.text.rt_ringbuffer_getchar)
                  00002b7c    000000a2     libclang_rt.builtins.a : udivmoddi4.S.obj (.text)
                  00002c1e    00000002                            : aeabi_div0.c.obj (.text.__aeabi_idiv0)
                  00002c20    0000009c     clockfix_ti_msp_dl_config.obj (.text.SYSCFG_DL_UART_DEBUG_init)
                  00002cbc    00000094     clockfix_ringbuffer.obj (.text.rt_ringbuffer_putchar)
                  00002d50    00000090     clockfix_bsp_uart.obj (.text.bsp_uart_try_printf)
                  00002de0    0000008c     libclang_rt.builtins.a : mulsf3.S.obj (.text.__mulsf3)
                  00002e6c    00000004     libsysbm.a : hostexit.c.obj (.text.HOSTexit)
                  00002e70    00000088     libc.a : strcmp-armv6m.S.obj (.text:strcmp)
                  00002ef8    00000082     libclang_rt.builtins.a : divsf3.S.obj (.text.__divsf3)
                  00002f7a    00000002                            : aeabi_div0.c.obj (.text.__aeabi_ldiv0)
                  00002f7c    00000080     clockfix_drv_encoder.obj (.text.Encoder_Update)
                  00002ffc    00000080     clockfix_ti_msp_dl_config.obj (.text.SYSCFG_DL_MOTOR_PWM_init)
                  0000307c    0000007c     libc.a : fclose.c.obj (.text.__TI_closefile)
                  000030f8    0000007c            : copy_decompress_lzss.c.obj (.text:decompress:lzss)
                  00003174    00000074     libclang_rt.builtins.a : comparedf2.c.obj (.text.__gedf2)
                  000031e8    0000006c     libsysbm.a : hostlseek.c.obj (.text.HOSTlseek)
                  00003254    0000006c                : hostrename.c.obj (.text.HOSTrename)
                  000032c0    0000006c     libc.a : fseek.c.obj (.text.fseeko)
                  0000332c    0000006c            : getdevice.c.obj (.text.getdevice)
                  00003398    00000068     clockfix_ti_msp_dl_config.obj (.text.SYSCFG_DL_I2C_MPU6050_init)
                  00003400    00000068     libclang_rt.builtins.a : comparedf2.c.obj (.text.__ledf2)
                  00003468    00000066     libc.a : _printfi.c.obj (.text._mcpy)
                  000034ce    00000064            : _io_perm.c.obj (.text.__TI_wrt_ok)
                  00003532    00000002            : _lock.c.obj (.text._nop)
                  00003534    00000064            : memory.c.obj (.text.split)
                  00003598    00000062     libclang_rt.builtins.a : aeabi_dcmp.S.obj (.text.__aeabi_dcmp)
                  000035fa    00000002     --HOLE-- [fill = 0]
                  000035fc    00000062                            : aeabi_fcmp.S.obj (.text.__aeabi_fcmp)
                  0000365e    00000002     --HOLE-- [fill = 0]
                  00003660    00000060     libsysbm.a : hostopen.c.obj (.text.HOSTopen)
                  000036c0    00000060     clockfix_bsp_encoder.obj (.text.bsp_encoder_init)
                  00003720    00000060     clockfix_dal_encoder.obj (.text.dal_encoder_handle_edge)
                  00003780    00000060     libc.a : fflush.c.obj (.text.fflush)
                  000037e0    0000005e     driverlib.a : dl_i2c.o (.text.DL_I2C_fillControllerTXFIFO)
                  0000383e    00000002     --HOLE-- [fill = 0]
                  00003840    0000005c     libc.a : s_frexp.c.obj (.text.frexp)
                  0000389c    00000058     libsysbm.a : hostread.c.obj (.text.HOSTread)
                  000038f4    00000058                : hostwrite.c.obj (.text.HOSTwrite)
                  0000394c    00000058     libc.a : _ltoa.c.obj (.text.__TI_ltoa)
                  000039a4    00000058            : _printfi.c.obj (.text._pconv_f)
                  000039fc    00000056     libclang_rt.builtins.a : aeabi_idivmod.S.obj (.text.__aeabi_idivmod)
                  00003a52    00000002     --HOLE-- [fill = 0]
                  00003a54    00000054     clockfix_bsp_encoder.obj (.text.GROUP1_IRQHandler)
                  00003aa8    00000052     clockfix_PID.obj (.text.PID_Init)
                  00003afa    00000052     libc.a : fflush.c.obj (.text.__TI_doflush)
                  00003b4c    00000052            : _printfi.c.obj (.text._ecpy)
                  00003b9e    00000002     --HOLE-- [fill = 0]
                  00003ba0    00000050     libsysbm.a : close.c.obj (.text.close)
                  00003bf0    0000004c     driverlib.a : dl_dma.o (.text.DL_DMA_initChannel)
                  00003c3c    0000004c     clockfix_dal_motor.obj (.text.dal_motor_init)
                  00003c88    0000004c     scheduler_probe.obj (.text.scheduler_run)
                  00003cd4    0000004a     clockfix_drv_motor.obj (.text.Motor_Init)
                  00003d1e    00000002     --HOLE-- [fill = 0]
                  00003d20    0000004a     libclang_rt.builtins.a : fixdfsi.S.obj (.text.__fixdfsi)
                  00003d6a    00000002     --HOLE-- [fill = 0]
                  00003d6c    00000048     driverlib.a : dl_uart.o (.text.DL_UART_init)
                  00003db4    00000048     libsysbm.a : hostclose.c.obj (.text.HOSTclose)
                  00003dfc    00000048                : hostunlink.c.obj (.text.HOSTunlink)
                  00003e44    00000048     clockfix_ti_msp_dl_config.obj (.text.SYSCFG_DL_initPower)
                  00003e8c    00000048     clockfix_bsp_pwm.obj (.text.bsp_pwm_set_duty)
                  00003ed4    00000044     libc.a : aeabi_portable.c.obj (.text.__aeabi_assert)
                  00003f18    00000044     clockfix_bsp_encoder.obj (.text.bsp_encoder_read_phases)
                  00003f5c    00000044     clockfix_ringbuffer.obj (.text.rt_ringbuffer_init)
                  00003fa0    00000042     clockfix_ringbuffer.obj (.text.rt_ringbuffer_data_len)
                  00003fe2    00000002     --HOLE-- [fill = 0]
                  00003fe4    00000040     clockfix_ti_msp_dl_config.obj (.text.SYSCFG_DL_SYSCTL_init)
                  00004024    00000040     libclang_rt.builtins.a : aeabi_uidivmod.S.obj (.text.__aeabi_uidivmod)
                  00004064    00000040     libc.a : atoi.c.obj (.text.atoi)
                  000040a4    00000040            : vsnprintf.c.obj (.text.vsnprintf)
                  000040e4    0000003c     libclang_rt.builtins.a : floatsisf.S.obj (.text.__floatsisf)
                  00004120    0000003c                            : comparesf2.S.obj (.text.__gtsf2)
                  0000415c    0000003c     libc.a : autoinit.c.obj (.text:__TI_auto_init_nobinit_nopinit)
                  00004198    0000003a     clockfix_drv_motor.obj (.text.Motor_Stop)
                  000041d2    00000002     --HOLE-- [fill = 0]
                  000041d4    0000003a     libclang_rt.builtins.a : comparesf2.S.obj (.text.__eqsf2)
                  0000420e    00000002     --HOLE-- [fill = 0]
                  00004210    0000003a                            : muldsi3.S.obj (.text.__muldsi3)
                  0000424a    00000002     --HOLE-- [fill = 0]
                  0000424c    00000038                            : fixsfsi.S.obj (.text.__fixsfsi)
                  00004284    00000038     clockfix_app_line_follow.obj (.text.app_line_follow_init)
                  000042bc    00000038     clockfix_bsp_i2c.obj (.text.bsp_i2c_init)
                  000042f4    00000038     libc.a : sprintf.c.obj (.text.sprintf)
                  0000432c    00000034            : fopen.c.obj (.text.__TI_cleanup)
                  00004360    00000034     libsysbm.a : trgmsg.c.obj (.text.__TI_readmsg)
                  00004394    00000034                : trgmsg.c.obj (.text.__TI_writemsg)
                  000043c8    00000034     libc.a : exit.c.obj (.text.exit)
                  000043fc    00000034            : getdevice.c.obj (.text.finddevice)
                  00004430    00000030            : _printfi.c.obj (.text._fcpy)
                  00004460    00000030            : vsnprintf.c.obj (.text._outs)
                  00004490    0000002c     libclang_rt.builtins.a : floatsidf.S.obj (.text.__floatsidf)
                  000044bc    0000002c     libsysbm.a : unlink.c.obj (.text.unlink)
                  000044e8    00000028     libclang_rt.builtins.a : floatunsisf.S.obj (.text.__floatunsisf)
                  00004510    00000028     libc.a : memory.c.obj (.text.free_list_insert)
                  00004538    00000028     libsysbm.a : lseek.c.obj (.text.lseek)
                  00004560    00000028                : write.c.obj (.text.write)
                  00004588    00000028     libc.a : boot_cortex_m.c.obj (.text:_c_int00_noargs)
                  000045b0    00000026     driverlib.a : dl_i2c.o (.text.DL_I2C_setClockConfig)
                  000045d6    00000026     clockfix_drv_encoder.obj (.text.Encoder_Init)
                  000045fc    00000026     clockfix_bsp_board.obj (.text.bsp_board_init)
                  00004622    00000002     --HOLE-- [fill = 0]
                  00004624    00000024     libclang_rt.builtins.a : muldi3.S.obj (.text.__muldi3)
                  00004648    00000024     bsp_time_probe.obj (.text.bsp_time_init)
                  0000466c    00000022     libc.a : memccpy.c.obj (.text.memccpy)
                  0000468e    00000020     clockfix_ti_msp_dl_config.obj (.text.SYSCFG_DL_init)
                  000046ae    00000002     --HOLE-- [fill = 0]
                  000046b0    00000020     clockfix_bsp_encoder.obj (.text.bsp_encoder_irq_lock)
                  000046d0    0000001e     libclang_rt.builtins.a : ashldi3.S.obj (.text.__ashldi3)
                  000046ee    0000001e     scheduler_probe.obj (.text.scheduler_init)
                  0000470c    0000001c     driverlib.a : dl_timer.o (.text.DL_Timer_setCaptCompUpdateMethod)
                  00004728    0000001c                 : dl_timer.o (.text.DL_Timer_setClockConfig)
                  00004744    0000001c     bsp_time_probe.obj (.text.SysTick_Handler)
                  00004760    0000001c     libc.a : memory.c.obj (.text.free_list_remove)
                  0000477c    00000018     driverlib.a : dl_timer.o (.text.DL_Timer_setCaptureCompareOutCtl)
                  00004794    00000018     clockfix_PID.obj (.text.PID_Reset)
                  000047ac    00000018     clockfix_ti_msp_dl_config.obj (.text.SYSCFG_DL_DMA_CH0_init)
                  000047c4    00000018     libc.a : assert.c.obj (.text._abort_msg)
                  000047dc    00000018            : vsnprintf.c.obj (.text._outc)
                  000047f4    00000018            : sprintf.c.obj (.text._outs)
                  0000480c    00000018     clockfix_dal_motor.obj (.text.dal_motor_set_output)
                  00004824    00000018     clockfix_dal_motor.obj (.text.dal_motor_stop_all)
                  0000483c    00000016     libclang_rt.builtins.a : comparesf2.S.obj (.text.__unordsf2)
                  00004852    00000002     --HOLE-- [fill = 0]
                  00004854    00000014                            : aeabi_uldivmod.S.obj (.text.__aeabi_uldivmod)
                  00004868    00000014     clockfix_bsp_pwm.obj (.text.bsp_pwm_start)
                  0000487c    00000014     libc.a : _printfi.c.obj (.text.strchr)
                  00004890    00000012     driverlib.a : dl_uart.o (.text.DL_UART_setClockConfig)
                  000048a2    00000012     libc.a : memcpy16.S.obj (.text:TI_memcpy_small)
                  000048b4    00000012            : copy_decompress_none.c.obj (.text:decompress:none)
                  000048c6    00000002     --HOLE-- [fill = 0]
                  000048c8    00000010     driverlib.a : dl_timer.o (.text.DL_Timer_setCaptureCompareValue)
                  000048d8    00000010     clockfix_bsp_encoder.obj (.text.bsp_encoder_irq_unlock)
                  000048e8    00000010     clockfix_dal_gray.obj (.text.dal_gray_init)
                  000048f8    00000010     libc.a : wcslen.c.obj (.text.wcslen)
                  00004908    00000010            : copy_zero_init.c.obj (.text:decompress:ZI)
                  00004918    0000000e            : memory.c.obj (.text.OUTLINED_FUNCTION_0)
                  00004926    00000002     --HOLE-- [fill = 0]
                  00004928    0000000e     libclang_rt.builtins.a : aeabi_memset.S.obj (.text.__aeabi_memset)
                  00004936    0000000e     empty_probe.obj (.text.main)
                  00004944    0000000e     libsysbm.a : hostrename.c.obj (.text.strcpy)
                  00004952    0000000e     libc.a : _printfi.c.obj (.text.strlen)
                  00004960    0000000e            : aeabi_portable.c.obj (.text.strlen)
                  0000496e    0000000e     libsysbm.a : hostrename.c.obj (.text.strlen)
                  0000497c    0000000e     libc.a : memset16.S.obj (.text:TI_memset_small)
                  0000498a    00000002     --HOLE-- [fill = 0]
                  0000498c    0000000c     libclang_rt.builtins.a : aeabi_memset.S.obj (.text.__aeabi_memclr)
                  00004998    0000000c     bsp_time_probe.obj (.text.bsp_time_get_ms)
                  000049a4    0000000c     libc.a : memory.c.obj (.text.malloc)
                  000049b0    0000000a     driverlib.a : dl_common.o (.text.DL_Common_delayCycles)
                  000049ba    0000000a     libc.a : _printfi.c.obj (.text.OUTLINED_FUNCTION_0)
                  000049c4    00000010     libclang_rt.builtins.a : adddf3.S.obj (.tramp.__aeabi_dsub.1)
                  000049d4    0000000a     libc.a : _printfi.c.obj (.text.OUTLINED_FUNCTION_1)
                  000049de    0000000a            : sprintf.c.obj (.text._outc)
                  000049e8    00000008     clockfix_ti_msp_dl_config.obj (.text.SYSCFG_DL_DMA_init)
                  000049f0    00000008     libc.a : aeabi_portable.c.obj (.text.__aeabi_errno_addr)
                  000049f8    00000008     libclang_rt.builtins.a : aeabi_memcpy.S.obj (.text.__aeabi_memcpy)
                  00004a00    00000008     libc.a : fseek.c.obj (.text.fseek)
                  00004a08    00000008     libsysbm.a : remove.c.obj (.text.remove)
                  00004a10    00000006     libc.a : exit.c.obj (.text:abort)
                  00004a16    00000004     clockfix_PID.obj (.text.PID_ChangeSetpoint)
                  00004a1a    00000004     clockfix_startup.obj (.text.Reset_Handler)
                  00004a1e    00000004     libc.a : pre_init.c.obj (.text._system_pre_init)
                  00004a22    00000004     clockfix_bsp_board.obj (.text.bsp_board_idle)
                  00004a26    0000000a     --HOLE-- [fill = 0]

.cinit     0    00004c80    00000090     
                  00004c80    00000065     (.cinit..data.load) [load image, compression = lzss]
                  00004ce5    00000003     --HOLE-- [fill = 0]
                  00004ce8    0000000c     (__TI_handler_table)
                  00004cf4    00000008     (.cinit..bss.load) [load image, compression = zero_init]
                  00004cfc    00000010     (__TI_cinit_table)
                  00004d0c    00000004     --HOLE-- [fill = 0]

.rodata    0    00004a30    00000250     
                  00004a30    00000101     libc.a : aeabi_ctype.S.obj (.rodata:__aeabi_ctype_table_)
                  00004b31    00000003     clockfix_ti_msp_dl_config.obj (.rodata.gMOTOR_PWMClockConfig)
                  00004b34    00000030     clockfix_dal_motor.obj (.rodata.g_dal_motor_hw)
                  00004b64    0000002a     libc.a : aeabi_portable.c.obj (.rodata.str1.1603242578795511017.1)
                  00004b8e    00000026     clockfix_app_line_follow.obj (.rodata.str1.1050289139945401955.1)
                  00004bb4    00000020     clockfix_ringbuffer.obj (.rodata.str1.17650855486320309568.1)
                  00004bd4    00000018     clockfix_ti_msp_dl_config.obj (.rodata.gDMA_CH0Config)
                  00004bec    00000018     libc.a : aeabi_portable.c.obj (.rodata.str1.12460630753207392619.1)
                  00004c04    00000011            : _printfi.c.obj (.rodata.str1.10348868589481759720.1)
                  00004c15    00000011            : _printfi.c.obj (.rodata.str1.15363888844622738466.1)
                  00004c26    00000010     clockfix_drv_encoder.obj (.rodata.cst16)
                  00004c36    0000000e     clockfix_ringbuffer.obj (.rodata.str1.9008262714410670328.1)
                  00004c44    0000000b     clockfix_ringbuffer.obj (.rodata.str1.14590611333825221842.1)
                  00004c4f    00000001     --HOLE-- [fill = 0]
                  00004c50    0000000a     clockfix_ti_msp_dl_config.obj (.rodata.gUART_DEBUGConfig)
                  00004c5a    00000009     clockfix_ringbuffer.obj (.rodata.str1.11056550997094824159.1)
                  00004c63    00000001     --HOLE-- [fill = 0]
                  00004c64    00000008     clockfix_ti_msp_dl_config.obj (.rodata.gMOTOR_PWMConfig)
                  00004c6c    00000002     clockfix_ti_msp_dl_config.obj (.rodata.gI2C_MPU6050ClockConfig)
                  00004c6e    00000002     clockfix_ti_msp_dl_config.obj (.rodata.gUART_DEBUGClockConfig)
                  00004c70    00000002     clockfix_dal_encoder.obj (.rodata.g_dal_encoder_bsp_channels)
                  00004c72    0000000e     --HOLE-- [fill = 0]

.init_array 
*          0    00000000    00000000     UNINITIALIZED

.binit     0    00000000    00000000     

.bss       0    20200000    000009a6     UNINITIALIZED
                  20200000    00000200     clockfix_bsp_uart.obj (.bss.g_bsp_uart_rx_pool)
                  20200200    00000200     clockfix_bsp_uart.obj (.bss.g_bsp_uart_tx_pool)
                  20200400    000001c0     (.common:pid_gather)
                  202005c0    00000120     libsysbm.a : trgmsg.c.obj (.bss:_CIOBUF_)
                  202006e0    00000100     clockfix_bsp_uart.obj (.bss.g_bsp_uart_printf_buf)
                  202007e0    000000a0     libc.a : defs.c.obj (.bss.__TI_tmpnams)
                  20200880    00000040     clockfix_bsp_uart.obj (.bss.g_bsp_uart_rx_dma_buf)
                  202008c0    00000040     (.common:g_dal_motor_instances)
                  20200900    00000020     clockfix_dal_encoder.obj (.bss.g_dal_encoder_instances)
                  20200920    00000020     (.common:g_dal_encoder_sample)
                  20200940    00000010     clockfix_bsp_i2c.obj (.bss.g_bsp_i2c_tx)
                  20200950    0000000c     clockfix_bsp_uart.obj (.bss.g_bsp_uart_rx_rb)
                  2020095c    0000000c     clockfix_bsp_uart.obj (.bss.g_bsp_uart_tx_rb)
                  20200968    0000000c     (.common:g_dal_gray_sample)
                  20200974    00000008     clockfix_dal_encoder.obj (.bss.g_dal_encoder_last_count)
                  2020097c    00000008     libsysbm.a : hostopen.c.obj (.bss.parmbuf)
                  20200984    00000004     clockfix_app_line_follow.obj (.bss.g_app_line_follow_debug_last_print_ms)
                  20200988    00000004     clockfix_bsp_encoder.obj (.bss.g_bsp_encoder_callback_context)
                  2020098c    00000004     clockfix_bsp_encoder.obj (.bss.g_bsp_encoder_edge_callback)
                  20200990    00000004     clockfix_bsp_i2c.obj (.bss.g_bsp_i2c_rx)
                  20200994    00000004     libc.a : memory.c.obj (.bss.sys_free)
                  20200998    00000002     clockfix_bsp_i2c.obj (.bss.g_bsp_i2c_rx_count)
                  2020099a    00000002     clockfix_bsp_i2c.obj (.bss.g_bsp_i2c_rx_len)
                  2020099c    00000002     clockfix_bsp_i2c.obj (.bss.g_bsp_i2c_tx_count)
                  2020099e    00000002     clockfix_bsp_i2c.obj (.bss.g_bsp_i2c_tx_len)
                  202009a0    00000002     clockfix_bsp_uart.obj (.bss.g_bsp_uart_rx_frame_size)
                  202009a2    00000002     clockfix_dal_encoder.obj (.bss.g_dal_encoder_has_last_count)
                  202009a4    00000001     clockfix_bsp_i2c.obj (.bss.g_bsp_i2c_addr)
                  202009a5    00000001     clockfix_bsp_i2c.obj (.bss.g_bsp_i2c_op)

.sysmem    0    202009a8    00000800     UNINITIALIZED
                  202009a8    00000010     libc.a : memory.c.obj (.sysmem)
                  202009b8    000007f0     --HOLE--

.data      0    202011a8    000001f1     UNINITIALIZED
                  202011a8    000000f0     libc.a : defs.c.obj (.data._ftable)
                  20201298    00000078     libsysbm.a : host_device.c.obj (.data._device)
                  20201310    00000050                : host_device.c.obj (.data._stream)
                  20201360    00000008     libc.a : exit.c.obj (.data..L_MergedGlobals)
                  20201368    00000004            : defs.c.obj (.data.__TI_ft_end)
                  2020136c    00000004            : aeabi_portable.c.obj (.data.__aeabi_errno)
                  20201370    00000004            : _lock.c.obj (.data._lock)
                  20201374    00000004            : _lock.c.obj (.data._unlock)
                  20201378    00000004     bsp_time_probe.obj (.data.g_bsp_time_ms)
                  2020137c    00000004     clockfix_bsp_uart.obj (.data.g_bsp_uart_error_callback.0)
                  20201380    00000004     clockfix_bsp_uart.obj (.data.g_bsp_uart_rx_callback.0)
                  20201384    00000004     scheduler_probe.obj (.data.g_scheduler_tasks.2)
                  20201388    00000004     scheduler_probe.obj (.data.g_scheduler_tasks.5)
                  2020138c    00000004     scheduler_probe.obj (.data.g_scheduler_tasks.8)
                  20201390    00000004     scheduler_probe.obj (.data.uwTick)
                  20201394    00000001     clockfix_bsp_i2c.obj (.data.g_bsp_i2c_state)
                  20201395    00000003     --HOLE--
                  20201398    00000001     libc.a : memory.c.obj (.data.memory_is_initialized)

.stack     0    20207e00    00000200     UNINITIALIZED
                  20207e00    00000004     libc.a : boot_cortex_m.c.obj (.stack)
                  20207e04    000001fc     --HOLE--

__llvm_prf_cnts 
*          0    20200000    00000000     UNINITIALIZED

__llvm_prf_bits 
*          0    20200000    00000000     UNINITIALIZED

MODULE SUMMARY

       Module                          code    ro data   rw data
       ------                          ----    -------   -------
    C:\Users\cheng\Desktop\24-H\24_HUser\empty\ticlang\
       clockfix_bsp_uart.obj           948     0         1378   
       clockfix_app_line_follow.obj    852     38        4      
       clockfix_ti_msp_dl_config.obj   768     49        0      
       clockfix_bsp_i2c.obj            736     0         31     
       clockfix_ringbuffer.obj         646     66        0      
       clockfix_dal_pid.obj            220     0         448    
       clockfix_dal_encoder.obj        516     2         74     
       clockfix_dal_gray.obj           368     0         12     
       clockfix_drv_motor.obj          344     0         0      
       clockfix_PID.obj                314     0         0      
       clockfix_bsp_encoder.obj        296     0         8      
       clockfix_dal_motor.obj          124     48        64     
       clockfix_startup.obj            6       192       0      
       clockfix_drv_encoder.obj        166     16        0      
       scheduler_probe.obj             106     0         16     
       clockfix_bsp_pwm.obj            92      0         0      
       bsp_time_probe.obj              76      0         4      
       clockfix_bsp_board.obj          42      0         0      
       empty_probe.obj                 14      0         0      
    +--+-------------------------------+-------+---------+---------+
       Total:                          6634    411       2039   
                                                                
    C:\ti\mspm0_sdk_2_10_00_04\source\ti/driverlib/lib/ticlang/m0p/mspm0g1x0x_g3x0x/driverlib.a
       dl_timer.o                      356     0         0      
       dl_i2c.o                        132     0         0      
       dl_uart.o                       90      0         0      
       dl_dma.o                        76      0         0      
       dl_common.o                     10      0         0      
    +--+-------------------------------+-------+---------+---------+
       Total:                          664     0         0      
                                                                
    C:\ti\ti_cgt_arm_llvm_4.0.2.LTS\lib\armv6m-ti-none-eabi/c/libc.a
       _printfi.c.obj                  4510    34        0      
       memory.c.obj                    702     0         5      
       defs.c.obj                      0       0         404    
       aeabi_ctype.S.obj               0       257       0      
       fputs.c.obj                     248     0         0      
       setvbuf.c.obj                   224     0         0      
       s_scalbn.c.obj                  216     0         0      
       fflush.c.obj                    178     0         0      
       aeabi_portable.c.obj            90      66        4      
       getdevice.c.obj                 160     0         0      
       strcmp-armv6m.S.obj             136     0         0      
       vsnprintf.c.obj                 136     0         0      
       copy_decompress_lzss.c.obj      124     0         0      
       fclose.c.obj                    124     0         0      
       fseek.c.obj                     116     0         0      
       _io_perm.c.obj                  100     0         0      
       s_frexp.c.obj                   92      0         0      
       sprintf.c.obj                   90      0         0      
       _ltoa.c.obj                     88      0         0      
       exit.c.obj                      58      0         8      
       atoi.c.obj                      64      0         0      
       autoinit.c.obj                  60      0         0      
       fopen.c.obj                     52      0         0      
       boot_cortex_m.c.obj             40      0         0      
       memccpy.c.obj                   34      0         0      
       assert.c.obj                    24      0         0      
       copy_decompress_none.c.obj      18      0         0      
       memcpy16.S.obj                  18      0         0      
       copy_zero_init.c.obj            16      0         0      
       wcslen.c.obj                    16      0         0      
       memset16.S.obj                  14      0         0      
       _lock.c.obj                     2       0         8      
       pre_init.c.obj                  4       0         0      
    +--+-------------------------------+-------+---------+---------+
       Total:                          7754    357       429    
                                                                
    C:\ti\ti_cgt_arm_llvm_4.0.2.LTS\lib\armv6m-ti-none-eabi/c/libsysbm.a
       trgmsg.c.obj                    104     0         288    
       host_device.c.obj               0       0         200    
       hostrename.c.obj                136     0         0      
       hostlseek.c.obj                 108     0         0      
       hostopen.c.obj                  96      0         8      
       hostread.c.obj                  88      0         0      
       hostwrite.c.obj                 88      0         0      
       close.c.obj                     80      0         0      
       hostclose.c.obj                 72      0         0      
       hostunlink.c.obj                72      0         0      
       unlink.c.obj                    44      0         0      
       lseek.c.obj                     40      0         0      
       write.c.obj                     40      0         0      
       remove.c.obj                    8       0         0      
       hostexit.c.obj                  4       0         0      
    +--+-------------------------------+-------+---------+---------+
       Total:                          980     0         496    
                                                                
    C:\ti\ti_cgt_arm_llvm_4.0.2.LTS\lib\armv6m-ti-none-eabi/libclang_rt.builtins.a
       adddf3.S.obj                    418     0         0      
       divdf3.S.obj                    268     0         0      
       muldf3.S.obj                    228     0         0      
       comparedf2.c.obj                220     0         0      
       addsf3.S.obj                    216     0         0      
       udivmoddi4.S.obj                162     0         0      
       comparesf2.S.obj                140     0         0      
       mulsf3.S.obj                    140     0         0      
       divsf3.S.obj                    130     0         0      
       aeabi_dcmp.S.obj                98      0         0      
       aeabi_fcmp.S.obj                98      0         0      
       aeabi_idivmod.S.obj             86      0         0      
       fixdfsi.S.obj                   74      0         0      
       aeabi_uidivmod.S.obj            64      0         0      
       floatsisf.S.obj                 60      0         0      
       muldsi3.S.obj                   58      0         0      
       fixsfsi.S.obj                   56      0         0      
       floatsidf.S.obj                 44      0         0      
       floatunsisf.S.obj               40      0         0      
       muldi3.S.obj                    36      0         0      
       ashldi3.S.obj                   30      0         0      
       aeabi_memset.S.obj              26      0         0      
       aeabi_uldivmod.S.obj            20      0         0      
       aeabi_memcpy.S.obj              8       0         0      
       aeabi_div0.c.obj                4       0         0      
    +--+-------------------------------+-------+---------+---------+
       Total:                          2724    0         0      
                                                                
       Heap:                           0       0         2048   
       Stack:                          0       0         512    
       Linker Generated:               0       137       0      
    +--+-------------------------------+-------+---------+---------+
       Grand Total:                    18756   905       5524   


LINKER GENERATED COPY TABLES

__TI_cinit_table @ 00004cfc records: 2, size/record: 8, table size: 16
	.data: load addr=00004c80, load size=00000065 bytes, run addr=202011a8, run size=000001f1 bytes, compression=lzss
	.bss: load addr=00004cf4, load size=00000008 bytes, run addr=20200000, run size=000009a6 bytes, compression=zero_init


LINKER GENERATED HANDLER TABLE

__TI_handler_table @ 00004ce8 records: 3, size/record: 4, table size: 12
	index: 0, handler: __TI_decompress_lzss
	index: 1, handler: __TI_decompress_none
	index: 2, handler: __TI_zero_init


FAR CALL TRAMPOLINES

callee name               trampoline name
   callee addr  tramp addr   call addr  call info
--------------  -----------  ---------  ----------------
__aeabi_dsub              $Tramp$TT$L$PI$$__aeabi_dsub
   000015f5     000049c4     000049c2   libc.a : _printfi.c.obj (.text.OUTLINED_FUNCTION_0)

[1 trampolines]
[1 trampoline calls]


GLOBAL SYMBOLS: SORTED ALPHABETICALLY BY Name 

address   name                            
-------   ----                            
00001787  ADC0_IRQHandler                 
00001787  ADC1_IRQHandler                 
00001787  AES_IRQHandler                  
00002e6c  C$$EXIT                         
000043c1  C$$IO$$                         
00001787  CANFD0_IRQHandler               
00001787  DAC0_IRQHandler                 
000049b1  DL_Common_delayCycles           
00003bf1  DL_DMA_initChannel              
000037e1  DL_I2C_fillControllerTXFIFO     
000045b1  DL_I2C_setClockConfig           
00001d65  DL_Timer_initFourCCPWMMode      
0000470d  DL_Timer_setCaptCompUpdateMethod
0000477d  DL_Timer_setCaptureCompareOutCtl
000048c9  DL_Timer_setCaptureCompareValue 
00004729  DL_Timer_setClockConfig         
00003d6d  DL_UART_init                    
00004891  DL_UART_setClockConfig          
00001787  DMA_IRQHandler                  
00001787  Default_Handler                 
000045d7  Encoder_Init                    
00002f7d  Encoder_Update                  
00001787  GROUP0_IRQHandler               
00003a55  GROUP1_IRQHandler               
00003db5  HOSTclose                       
00002e6d  HOSTexit                        
000031e9  HOSTlseek                       
00003661  HOSTopen                        
0000389d  HOSTread                        
00003255  HOSTrename                      
00003dfd  HOSTunlink                      
000038f5  HOSTwrite                       
00001787  HardFault_Handler               
00000dad  I2C0_IRQHandler                 
00001787  I2C1_IRQHandler                 
00003cd5  Motor_Init                      
00002581  Motor_SetOutput                 
00004199  Motor_Stop                      
00001787  NMI_Handler                     
00004a17  PID_ChangeSetpoint              
00002729  PID_Compute1_Rectangle          
00003aa9  PID_Init                        
00004795  PID_Reset                       
00001787  PendSV_Handler                  
00001787  RTC_IRQHandler                  
00004a1b  Reset_Handler                   
00001787  SPI0_IRQHandler                 
00001787  SPI1_IRQHandler                 
00001787  SVC_Handler                     
000047ad  SYSCFG_DL_DMA_CH0_init          
000049e9  SYSCFG_DL_DMA_init              
00002975  SYSCFG_DL_GPIO_init             
00003399  SYSCFG_DL_I2C_MPU6050_init      
00002ffd  SYSCFG_DL_MOTOR_PWM_init        
00003fe5  SYSCFG_DL_SYSCTL_init           
00002c21  SYSCFG_DL_UART_DEBUG_init       
0000468f  SYSCFG_DL_init                  
00003e45  SYSCFG_DL_initPower             
00004745  SysTick_Handler                 
00001787  TIMA0_IRQHandler                
00001787  TIMA1_IRQHandler                
00001787  TIMG0_IRQHandler                
00001787  TIMG12_IRQHandler               
00001787  TIMG6_IRQHandler                
00001787  TIMG7_IRQHandler                
00001787  TIMG8_IRQHandler                
000048a3  TI_memcpy_small                 
0000497d  TI_memset_small                 
00001451  UART0_IRQHandler                
00001787  UART1_IRQHandler                
00001787  UART2_IRQHandler                
00001787  UART3_IRQHandler                
202005c0  _CIOBUF_                        
202005c0  __CIOBUF_                       
20208000  __STACK_END                     
00000200  __STACK_SIZE                    
00000800  __SYSMEM_SIZE                   
00000000  __TI_ATRegion0_region_sz        
00000000  __TI_ATRegion0_src_addr         
00000000  __TI_ATRegion0_trg_addr         
00000000  __TI_ATRegion1_region_sz        
00000000  __TI_ATRegion1_src_addr         
00000000  __TI_ATRegion1_trg_addr         
00000000  __TI_ATRegion2_region_sz        
00000000  __TI_ATRegion2_src_addr         
00000000  __TI_ATRegion2_trg_addr         
00004cfc  __TI_CINIT_Base                 
00004d0c  __TI_CINIT_Limit                
00004d0c  __TI_CINIT_Warm                 
00004ce8  __TI_Handler_Table_Base         
00004cf4  __TI_Handler_Table_Limit        
0000415d  __TI_auto_init_nobinit_nopinit  
0000432d  __TI_cleanup                    
20201360  __TI_cleanup_ptr                
0000307d  __TI_closefile                  
000030f9  __TI_decompress_lzss            
000048b5  __TI_decompress_none            
00003afb  __TI_doflush                    
20201364  __TI_dtors_ptr                  
20201368  __TI_ft_end                     
0000394d  __TI_ltoa                       
ffffffff  __TI_pprof_out_hndl             
000000c1  __TI_printfi                    
ffffffff  __TI_prof_data_size             
ffffffff  __TI_prof_data_start            
00004361  __TI_readmsg                    
00000000  __TI_static_base__              
202007e0  __TI_tmpnams                    
00004395  __TI_writemsg                   
000034cf  __TI_wrt_ok                     
00004909  __TI_zero_init                  
000015ff  __adddf3                        
000024b3  __addsf3                        
00003ed5  __aeabi_assert                  
00004a30  __aeabi_ctype_table_            
00004a30  __aeabi_ctype_table_C           
00003d21  __aeabi_d2iz                    
000015ff  __aeabi_dadd                    
00003599  __aeabi_dcmpeq                  
000035d5  __aeabi_dcmpge                  
000035e9  __aeabi_dcmpgt                  
000035c1  __aeabi_dcmple                  
000035ad  __aeabi_dcmplt                  
00001c59  __aeabi_ddiv                    
00002131  __aeabi_dmul                    
000015f5  __aeabi_dsub                    
2020136c  __aeabi_errno                   
000049f1  __aeabi_errno_addr              
0000424d  __aeabi_f2iz                    
000024b3  __aeabi_fadd                    
000035fd  __aeabi_fcmpeq                  
00003639  __aeabi_fcmpge                  
0000364d  __aeabi_fcmpgt                  
00003625  __aeabi_fcmple                  
00003611  __aeabi_fcmplt                  
0000483d  __aeabi_fcmpun                  
00002ef9  __aeabi_fdiv                    
00002de1  __aeabi_fmul                    
000024a9  __aeabi_fsub                    
00004491  __aeabi_i2d                     
000040e5  __aeabi_i2f                     
000039fd  __aeabi_idiv                    
00002c1f  __aeabi_idiv0                   
000039fd  __aeabi_idivmod                 
00002f7b  __aeabi_ldiv0                   
000046d1  __aeabi_llsl                    
00004625  __aeabi_lmul                    
0000498d  __aeabi_memclr                  
0000498d  __aeabi_memclr4                 
0000498d  __aeabi_memclr8                 
000049f9  __aeabi_memcpy                  
000049f9  __aeabi_memcpy4                 
000049f9  __aeabi_memcpy8                 
00004929  __aeabi_memset                  
00004929  __aeabi_memset4                 
00004929  __aeabi_memset8                 
000044e9  __aeabi_ui2f                    
00004025  __aeabi_uidiv                   
00004025  __aeabi_uidivmod                
00004855  __aeabi_uldivmod                
000046d1  __ashldi3                       
ffffffff  __binit__                       
00003401  __cmpdf2                        
000041d5  __cmpsf2                        
00001c59  __divdf3                        
00002ef9  __divsf3                        
00003401  __eqdf2                         
000041d5  __eqsf2                         
00003d21  __fixdfsi                       
0000424d  __fixsfsi                       
00004491  __floatsidf                     
000040e5  __floatsisf                     
000044e9  __floatunsisf                   
00003175  __gedf2                         
00004121  __gesf2                         
00003175  __gtdf2                         
00004121  __gtsf2                         
00003401  __ledf2                         
000041d5  __lesf2                         
00003401  __ltdf2                         
000041d5  __ltsf2                         
UNDEFED   __mpu_init                      
00002131  __muldf3                        
00004625  __muldi3                        
00004211  __muldsi3                       
00002de1  __mulsf3                        
00003401  __nedf2                         
000041d5  __nesf2                         
20207e00  __stack                         
20200000  __start___llvm_prf_bits         
20200000  __start___llvm_prf_cnts         
20200000  __stop___llvm_prf_bits          
20200000  __stop___llvm_prf_cnts          
000015f5  __subdf3                        
000024a9  __subsf3                        
00002b7d  __udivmoddi4                    
0000483d  __unordsf2                      
000047c5  _abort_msg                      
00004589  _c_int00_noargs                 
20201298  _device                         
202011a8  _ftable                         
20201370  _lock                           
00003533  _nop                            
20201310  _stream                         
202009a8  _sys_memory                     
UNDEFED   _system_post_cinit              
00004a1f  _system_pre_init                
20201374  _unlock                         
00004a11  abort                           
00001b45  aligned_alloc                   
00004285  app_line_follow_init            
00000a91  app_line_follow_refresh         
00004065  atoi                            
ffffffff  binit                           
00004a23  bsp_board_idle                  
000045fd  bsp_board_init                  
000036c1  bsp_encoder_init                
000046b1  bsp_encoder_irq_lock            
000048d9  bsp_encoder_irq_unlock          
00003f19  bsp_encoder_read_phases         
000042bd  bsp_i2c_init                    
00003e8d  bsp_pwm_set_duty                
00004869  bsp_pwm_start                   
00004999  bsp_time_get_ms                 
00004649  bsp_time_init                   
00002a29  bsp_uart_init                   
00002d51  bsp_uart_try_printf             
00003ba1  close                           
00001f61  dal_encoder_init                
000028b9  dal_encoder_update_speed        
000048e9  dal_gray_init                   
00001789  dal_gray_refresh                
00003c3d  dal_motor_init                  
0000480d  dal_motor_set_output            
00004825  dal_motor_stop_all              
000022f5  dal_pid_init                    
000043c9  exit                            
00003781  fflush                          
000043fd  finddevice                      
00001e69  fputs                           
00002049  free                            
00003841  frexp                           
00003841  frexpl                          
00004a01  fseek                           
000032c1  fseeko                          
20200920  g_dal_encoder_sample            
20200968  g_dal_gray_sample               
202008c0  g_dal_motor_instances           
0000332d  getdevice                       
00000000  interruptVectors                
000023d1  ldexp                           
000023d1  ldexpl                          
00004539  lseek                           
00004937  main                            
000049a5  malloc                          
00001b45  memalign                        
0000466d  memccpy                         
2020097c  parmbuf                         
20200400  pid_gather                      
00004a09  remove                          
00003fa1  rt_ringbuffer_data_len          
00002ad5  rt_ringbuffer_getchar           
00003f5d  rt_ringbuffer_init              
000027f5  rt_ringbuffer_put               
00002cbd  rt_ringbuffer_putchar           
000023d1  scalbn                          
000023d1  scalbnl                         
000046ef  scheduler_init                  
00003c89  scheduler_run                   
00002215  setvbuf                         
000042f5  sprintf                         
00002e71  strcmp                          
000044bd  unlink                          
20201390  uwTick                          
000040a5  vsnprintf                       
000048f9  wcslen                          
00004561  write                           


GLOBAL SYMBOLS: SORTED BY Symbol Address 

address   name                            
-------   ----                            
00000000  __TI_ATRegion0_region_sz        
00000000  __TI_ATRegion0_src_addr         
00000000  __TI_ATRegion0_trg_addr         
00000000  __TI_ATRegion1_region_sz        
00000000  __TI_ATRegion1_src_addr         
00000000  __TI_ATRegion1_trg_addr         
00000000  __TI_ATRegion2_region_sz        
00000000  __TI_ATRegion2_src_addr         
00000000  __TI_ATRegion2_trg_addr         
00000000  __TI_static_base__              
00000000  interruptVectors                
000000c1  __TI_printfi                    
00000200  __STACK_SIZE                    
00000800  __SYSMEM_SIZE                   
00000a91  app_line_follow_refresh         
00000dad  I2C0_IRQHandler                 
00001451  UART0_IRQHandler                
000015f5  __aeabi_dsub                    
000015f5  __subdf3                        
000015ff  __adddf3                        
000015ff  __aeabi_dadd                    
00001787  ADC0_IRQHandler                 
00001787  ADC1_IRQHandler                 
00001787  AES_IRQHandler                  
00001787  CANFD0_IRQHandler               
00001787  DAC0_IRQHandler                 
00001787  DMA_IRQHandler                  
00001787  Default_Handler                 
00001787  GROUP0_IRQHandler               
00001787  HardFault_Handler               
00001787  I2C1_IRQHandler                 
00001787  NMI_Handler                     
00001787  PendSV_Handler                  
00001787  RTC_IRQHandler                  
00001787  SPI0_IRQHandler                 
00001787  SPI1_IRQHandler                 
00001787  SVC_Handler                     
00001787  TIMA0_IRQHandler                
00001787  TIMA1_IRQHandler                
00001787  TIMG0_IRQHandler                
00001787  TIMG12_IRQHandler               
00001787  TIMG6_IRQHandler                
00001787  TIMG7_IRQHandler                
00001787  TIMG8_IRQHandler                
00001787  UART1_IRQHandler                
00001787  UART2_IRQHandler                
00001787  UART3_IRQHandler                
00001789  dal_gray_refresh                
00001b45  aligned_alloc                   
00001b45  memalign                        
00001c59  __aeabi_ddiv                    
00001c59  __divdf3                        
00001d65  DL_Timer_initFourCCPWMMode      
00001e69  fputs                           
00001f61  dal_encoder_init                
00002049  free                            
00002131  __aeabi_dmul                    
00002131  __muldf3                        
00002215  setvbuf                         
000022f5  dal_pid_init                    
000023d1  ldexp                           
000023d1  ldexpl                          
000023d1  scalbn                          
000023d1  scalbnl                         
000024a9  __aeabi_fsub                    
000024a9  __subsf3                        
000024b3  __addsf3                        
000024b3  __aeabi_fadd                    
00002581  Motor_SetOutput                 
00002729  PID_Compute1_Rectangle          
000027f5  rt_ringbuffer_put               
000028b9  dal_encoder_update_speed        
00002975  SYSCFG_DL_GPIO_init             
00002a29  bsp_uart_init                   
00002ad5  rt_ringbuffer_getchar           
00002b7d  __udivmoddi4                    
00002c1f  __aeabi_idiv0                   
00002c21  SYSCFG_DL_UART_DEBUG_init       
00002cbd  rt_ringbuffer_putchar           
00002d51  bsp_uart_try_printf             
00002de1  __aeabi_fmul                    
00002de1  __mulsf3                        
00002e6c  C$$EXIT                         
00002e6d  HOSTexit                        
00002e71  strcmp                          
00002ef9  __aeabi_fdiv                    
00002ef9  __divsf3                        
00002f7b  __aeabi_ldiv0                   
00002f7d  Encoder_Update                  
00002ffd  SYSCFG_DL_MOTOR_PWM_init        
0000307d  __TI_closefile                  
000030f9  __TI_decompress_lzss            
00003175  __gedf2                         
00003175  __gtdf2                         
000031e9  HOSTlseek                       
00003255  HOSTrename                      
000032c1  fseeko                          
0000332d  getdevice                       
00003399  SYSCFG_DL_I2C_MPU6050_init      
00003401  __cmpdf2                        
00003401  __eqdf2                         
00003401  __ledf2                         
00003401  __ltdf2                         
00003401  __nedf2                         
000034cf  __TI_wrt_ok                     
00003533  _nop                            
00003599  __aeabi_dcmpeq                  
000035ad  __aeabi_dcmplt                  
000035c1  __aeabi_dcmple                  
000035d5  __aeabi_dcmpge                  
000035e9  __aeabi_dcmpgt                  
000035fd  __aeabi_fcmpeq                  
00003611  __aeabi_fcmplt                  
00003625  __aeabi_fcmple                  
00003639  __aeabi_fcmpge                  
0000364d  __aeabi_fcmpgt                  
00003661  HOSTopen                        
000036c1  bsp_encoder_init                
00003781  fflush                          
000037e1  DL_I2C_fillControllerTXFIFO     
00003841  frexp                           
00003841  frexpl                          
0000389d  HOSTread                        
000038f5  HOSTwrite                       
0000394d  __TI_ltoa                       
000039fd  __aeabi_idiv                    
000039fd  __aeabi_idivmod                 
00003a55  GROUP1_IRQHandler               
00003aa9  PID_Init                        
00003afb  __TI_doflush                    
00003ba1  close                           
00003bf1  DL_DMA_initChannel              
00003c3d  dal_motor_init                  
00003c89  scheduler_run                   
00003cd5  Motor_Init                      
00003d21  __aeabi_d2iz                    
00003d21  __fixdfsi                       
00003d6d  DL_UART_init                    
00003db5  HOSTclose                       
00003dfd  HOSTunlink                      
00003e45  SYSCFG_DL_initPower             
00003e8d  bsp_pwm_set_duty                
00003ed5  __aeabi_assert                  
00003f19  bsp_encoder_read_phases         
00003f5d  rt_ringbuffer_init              
00003fa1  rt_ringbuffer_data_len          
00003fe5  SYSCFG_DL_SYSCTL_init           
00004025  __aeabi_uidiv                   
00004025  __aeabi_uidivmod                
00004065  atoi                            
000040a5  vsnprintf                       
000040e5  __aeabi_i2f                     
000040e5  __floatsisf                     
00004121  __gesf2                         
00004121  __gtsf2                         
0000415d  __TI_auto_init_nobinit_nopinit  
00004199  Motor_Stop                      
000041d5  __cmpsf2                        
000041d5  __eqsf2                         
000041d5  __lesf2                         
000041d5  __ltsf2                         
000041d5  __nesf2                         
00004211  __muldsi3                       
0000424d  __aeabi_f2iz                    
0000424d  __fixsfsi                       
00004285  app_line_follow_init            
000042bd  bsp_i2c_init                    
000042f5  sprintf                         
0000432d  __TI_cleanup                    
00004361  __TI_readmsg                    
00004395  __TI_writemsg                   
000043c1  C$$IO$$                         
000043c9  exit                            
000043fd  finddevice                      
00004491  __aeabi_i2d                     
00004491  __floatsidf                     
000044bd  unlink                          
000044e9  __aeabi_ui2f                    
000044e9  __floatunsisf                   
00004539  lseek                           
00004561  write                           
00004589  _c_int00_noargs                 
000045b1  DL_I2C_setClockConfig           
000045d7  Encoder_Init                    
000045fd  bsp_board_init                  
00004625  __aeabi_lmul                    
00004625  __muldi3                        
00004649  bsp_time_init                   
0000466d  memccpy                         
0000468f  SYSCFG_DL_init                  
000046b1  bsp_encoder_irq_lock            
000046d1  __aeabi_llsl                    
000046d1  __ashldi3                       
000046ef  scheduler_init                  
0000470d  DL_Timer_setCaptCompUpdateMethod
00004729  DL_Timer_setClockConfig         
00004745  SysTick_Handler                 
0000477d  DL_Timer_setCaptureCompareOutCtl
00004795  PID_Reset                       
000047ad  SYSCFG_DL_DMA_CH0_init          
000047c5  _abort_msg                      
0000480d  dal_motor_set_output            
00004825  dal_motor_stop_all              
0000483d  __aeabi_fcmpun                  
0000483d  __unordsf2                      
00004855  __aeabi_uldivmod                
00004869  bsp_pwm_start                   
00004891  DL_UART_setClockConfig          
000048a3  TI_memcpy_small                 
000048b5  __TI_decompress_none            
000048c9  DL_Timer_setCaptureCompareValue 
000048d9  bsp_encoder_irq_unlock          
000048e9  dal_gray_init                   
000048f9  wcslen                          
00004909  __TI_zero_init                  
00004929  __aeabi_memset                  
00004929  __aeabi_memset4                 
00004929  __aeabi_memset8                 
00004937  main                            
0000497d  TI_memset_small                 
0000498d  __aeabi_memclr                  
0000498d  __aeabi_memclr4                 
0000498d  __aeabi_memclr8                 
00004999  bsp_time_get_ms                 
000049a5  malloc                          
000049b1  DL_Common_delayCycles           
000049e9  SYSCFG_DL_DMA_init              
000049f1  __aeabi_errno_addr              
000049f9  __aeabi_memcpy                  
000049f9  __aeabi_memcpy4                 
000049f9  __aeabi_memcpy8                 
00004a01  fseek                           
00004a09  remove                          
00004a11  abort                           
00004a17  PID_ChangeSetpoint              
00004a1b  Reset_Handler                   
00004a1f  _system_pre_init                
00004a23  bsp_board_idle                  
00004a30  __aeabi_ctype_table_            
00004a30  __aeabi_ctype_table_C           
00004ce8  __TI_Handler_Table_Base         
00004cf4  __TI_Handler_Table_Limit        
00004cfc  __TI_CINIT_Base                 
00004d0c  __TI_CINIT_Limit                
00004d0c  __TI_CINIT_Warm                 
20200000  __start___llvm_prf_bits         
20200000  __start___llvm_prf_cnts         
20200000  __stop___llvm_prf_bits          
20200000  __stop___llvm_prf_cnts          
20200400  pid_gather                      
202005c0  _CIOBUF_                        
202005c0  __CIOBUF_                       
202007e0  __TI_tmpnams                    
202008c0  g_dal_motor_instances           
20200920  g_dal_encoder_sample            
20200968  g_dal_gray_sample               
2020097c  parmbuf                         
202009a8  _sys_memory                     
202011a8  _ftable                         
20201298  _device                         
20201310  _stream                         
20201360  __TI_cleanup_ptr                
20201364  __TI_dtors_ptr                  
20201368  __TI_ft_end                     
2020136c  __aeabi_errno                   
20201370  _lock                           
20201374  _unlock                         
20201390  uwTick                          
20207e00  __stack                         
20208000  __STACK_END                     
ffffffff  __TI_pprof_out_hndl             
ffffffff  __TI_prof_data_size             
ffffffff  __TI_prof_data_start            
ffffffff  __binit__                       
ffffffff  binit                           
UNDEFED   __mpu_init                      
UNDEFED   _system_post_cinit              

[277 symbols]
