******************************************************************************
            TI ARM Clang Linker PC v4.0.2                      
******************************************************************************
>> Linked Sun Jul 12 20:46:16 2026

OUTPUT FILE NAME:   <line_follow_systick.out>
ENTRY POINT SYMBOL: "_c_int00_noargs"  address: 000047c1


MEMORY CONFIGURATION

         name            origin    length      used     unused   attr    fill
----------------------  --------  ---------  --------  --------  ----  --------
  FLASH                 00000000   00020000  00004f68  0001b098  R  X
  SRAM                  20200000   00008000  00001597  00006a69  RW X
  BCR_CONFIG            41c00000   00000080  00000000  00000080  R   
  BSL_CONFIG            41c00100   00000080  00000000  00000080  R   


SEGMENT ALLOCATION MAP

run origin  load origin   length   init length attrs members
----------  ----------- ---------- ----------- ----- -------
00000000    00000000    00004f68   00004f68    r-x
  00000000    00000000    000000c0   000000c0    r-- .intvecs
  000000c0    000000c0    00004bb0   00004bb0    r-x .text
  00004c70    00004c70    00000270   00000270    r-- .rodata
  00004ee0    00004ee0    00000088   00000088    r-- .cinit
20200000    20200000    00001399   00000000    rw-
  20200000    20200000    000009a6   00000000    rw- .bss
  202009a8    202009a8    00000800   00000000    rw- .sysmem
  202011a8    202011a8    000001f1   00000000    rw- .data
20207e00    20207e00    00000200   00000000    rw-
  20207e00    20207e00    00000200   00000000    rw- .stack


SECTION ALLOCATION MAP

 output                                  attributes/
section   page    origin      length       input sections
--------  ----  ----------  ----------   ----------------
.intvecs   0    00000000    000000c0     
                  00000000    000000c0     clockfix_startup.obj (.intvecs)

.text      0    000000c0    00004bb0     
                  000000c0    000009d0     libc.a : _printfi.c.obj (.text:__TI_printfi)
                  00000a90    0000031c     clockfix_app_line_follow.obj (.text.app_line_follow_refresh)
                  00000dac    000002a8     clockfix_bsp_i2c.obj (.text.I2C0_IRQHandler)
                  00001054    00000220     libc.a : _printfi.c.obj (.text._pconv_a)
                  00001274    000001dc            : _printfi.c.obj (.text._pconv_g)
                  00001450    000001a4     clockfix_bsp_uart.obj (.text.UART0_IRQHandler)
                  000015f4    00000192     libclang_rt.builtins.a : adddf3.S.obj (.text.adddf3_subdf3)
                  00001786    00000002     clockfix_startup.obj (.text.Default_Handler)
                  00001788    00000160     clockfix_dal_gray.obj (.text.dal_gray_refresh)
                  000018e8    0000013c     libc.a : _printfi.c.obj (.text.fcvt)
                  00001a24    00000120            : _printfi.c.obj (.text._pconv_e)
                  00001b44    00000114            : memory.c.obj (.text.aligned_alloc)
                  00001c58    0000010c     libclang_rt.builtins.a : divdf3.S.obj (.text.__divdf3)
                  00001d64    00000104     driverlib.a : dl_timer.o (.text.DL_Timer_initFourCCPWMMode)
                  00001e68    000000f8     ti_msp_dl_config_probe.obj (.text.SYSCFG_DL_GPIO_init)
                  00001f60    000000f8     libc.a : fputs.c.obj (.text.fputs)
                  00002058    000000e8     clockfix_dal_encoder.obj (.text.dal_encoder_init)
                  00002140    000000e8     libc.a : memory.c.obj (.text.free)
                  00002228    000000e4     libclang_rt.builtins.a : muldf3.S.obj (.text.__muldf3)
                  0000230c    000000e0     libc.a : setvbuf.c.obj (.text.setvbuf)
                  000023ec    000000dc     driverlib.a : dl_sysctl_mspm0g1x0x_g3x0x.o (.text.DL_SYSCTL_configSYSPLL)
                  000024c8    000000dc     clockfix_dal_pid.obj (.text.dal_pid_init)
                  000025a4    000000d8     libc.a : s_scalbn.c.obj (.text.scalbn)
                  0000267c    000000d8     libclang_rt.builtins.a : addsf3.S.obj (.text)
                  00002754    000000d4     clockfix_drv_motor.obj (.text.Motor_SetOutput)
                  00002828    000000d4     clockfix_bsp_uart.obj (.text.bsp_uart_fill_fifo)
                  000028fc    000000cc     clockfix_PID.obj (.text.PID_Compute1_Rectangle)
                  000029c8    000000c4     clockfix_ringbuffer.obj (.text.rt_ringbuffer_put)
                  00002a8c    000000bc     clockfix_dal_encoder.obj (.text.dal_encoder_update_speed)
                  00002b48    000000ac     clockfix_bsp_uart.obj (.text.bsp_uart_init)
                  00002bf4    000000a8     clockfix_ringbuffer.obj (.text.rt_ringbuffer_getchar)
                  00002c9c    000000a2     libclang_rt.builtins.a : udivmoddi4.S.obj (.text)
                  00002d3e    00000002                            : aeabi_div0.c.obj (.text.__aeabi_idiv0)
                  00002d40    0000009c     ti_msp_dl_config_probe.obj (.text.SYSCFG_DL_UART_DEBUG_init)
                  00002ddc    00000094     clockfix_ringbuffer.obj (.text.rt_ringbuffer_putchar)
                  00002e70    00000090     clockfix_bsp_uart.obj (.text.bsp_uart_try_printf)
                  00002f00    0000008c     libclang_rt.builtins.a : mulsf3.S.obj (.text.__mulsf3)
                  00002f8c    00000004     libsysbm.a : hostexit.c.obj (.text.HOSTexit)
                  00002f90    00000088     libc.a : strcmp-armv6m.S.obj (.text:strcmp)
                  00003018    00000082     libclang_rt.builtins.a : divsf3.S.obj (.text.__divsf3)
                  0000309a    00000002                            : aeabi_div0.c.obj (.text.__aeabi_ldiv0)
                  0000309c    00000080     clockfix_drv_encoder.obj (.text.Encoder_Update)
                  0000311c    00000080     ti_msp_dl_config_probe.obj (.text.SYSCFG_DL_MOTOR_PWM_init)
                  0000319c    0000007c     ti_msp_dl_config_probe.obj (.text.SYSCFG_DL_SYSCTL_init)
                  00003218    0000007c     libc.a : fclose.c.obj (.text.__TI_closefile)
                  00003294    0000007c            : copy_decompress_lzss.c.obj (.text:decompress:lzss)
                  00003310    00000074     libclang_rt.builtins.a : comparedf2.c.obj (.text.__gedf2)
                  00003384    0000006c     libsysbm.a : hostlseek.c.obj (.text.HOSTlseek)
                  000033f0    0000006c                : hostrename.c.obj (.text.HOSTrename)
                  0000345c    0000006c     ti_msp_dl_config_probe.obj (.text.SYSCFG_DL_I2C_MPU6050_init)
                  000034c8    0000006c     libc.a : fseek.c.obj (.text.fseeko)
                  00003534    0000006c            : getdevice.c.obj (.text.getdevice)
                  000035a0    00000068     libclang_rt.builtins.a : comparedf2.c.obj (.text.__ledf2)
                  00003608    00000066     libc.a : _printfi.c.obj (.text._mcpy)
                  0000366e    00000002            : _lock.c.obj (.text._nop)
                  00003670    00000064     driverlib.a : dl_sysctl_mspm0g1x0x_g3x0x.o (.text.DL_SYSCTL_setHFCLKSourceHFXTParams)
                  000036d4    00000064     libc.a : _io_perm.c.obj (.text.__TI_wrt_ok)
                  00003738    00000064            : memory.c.obj (.text.split)
                  0000379c    00000062     libclang_rt.builtins.a : aeabi_dcmp.S.obj (.text.__aeabi_dcmp)
                  000037fe    00000002     --HOLE-- [fill = 0]
                  00003800    00000062                            : aeabi_fcmp.S.obj (.text.__aeabi_fcmp)
                  00003862    00000002     --HOLE-- [fill = 0]
                  00003864    00000060     libsysbm.a : hostopen.c.obj (.text.HOSTopen)
                  000038c4    00000060     clockfix_bsp_encoder.obj (.text.bsp_encoder_init)
                  00003924    00000060     clockfix_dal_encoder.obj (.text.dal_encoder_handle_edge)
                  00003984    00000060     libc.a : fflush.c.obj (.text.fflush)
                  000039e4    0000005e     driverlib.a : dl_i2c.o (.text.DL_I2C_fillControllerTXFIFO)
                  00003a42    00000002     --HOLE-- [fill = 0]
                  00003a44    0000005c     libc.a : s_frexp.c.obj (.text.frexp)
                  00003aa0    00000058     libsysbm.a : hostread.c.obj (.text.HOSTread)
                  00003af8    00000058                : hostwrite.c.obj (.text.HOSTwrite)
                  00003b50    00000058     libc.a : _ltoa.c.obj (.text.__TI_ltoa)
                  00003ba8    00000058            : _printfi.c.obj (.text._pconv_f)
                  00003c00    00000056     libclang_rt.builtins.a : aeabi_idivmod.S.obj (.text.__aeabi_idivmod)
                  00003c56    00000002     --HOLE-- [fill = 0]
                  00003c58    00000054     clockfix_bsp_encoder.obj (.text.GROUP1_IRQHandler)
                  00003cac    00000052     clockfix_PID.obj (.text.PID_Init)
                  00003cfe    00000052     libc.a : fflush.c.obj (.text.__TI_doflush)
                  00003d50    00000052            : _printfi.c.obj (.text._ecpy)
                  00003da2    00000002     --HOLE-- [fill = 0]
                  00003da4    00000050     libsysbm.a : close.c.obj (.text.close)
                  00003df4    0000004c     driverlib.a : dl_dma.o (.text.DL_DMA_initChannel)
                  00003e40    0000004c     clockfix_dal_motor.obj (.text.dal_motor_init)
                  00003e8c    0000004c     scheduler_probe.obj (.text.scheduler_run)
                  00003ed8    0000004a     clockfix_drv_motor.obj (.text.Motor_Init)
                  00003f22    00000002     --HOLE-- [fill = 0]
                  00003f24    0000004a     libclang_rt.builtins.a : fixdfsi.S.obj (.text.__fixdfsi)
                  00003f6e    00000002     --HOLE-- [fill = 0]
                  00003f70    00000048     driverlib.a : dl_uart.o (.text.DL_UART_init)
                  00003fb8    00000048     libsysbm.a : hostclose.c.obj (.text.HOSTclose)
                  00004000    00000048                : hostunlink.c.obj (.text.HOSTunlink)
                  00004048    00000048     ti_msp_dl_config_probe.obj (.text.SYSCFG_DL_initPower)
                  00004090    00000048     clockfix_bsp_pwm.obj (.text.bsp_pwm_set_duty)
                  000040d8    00000044     driverlib.a : dl_sysctl_mspm0g1x0x_g3x0x.o (.text.DL_SYSCTL_switchMCLKfromSYSOSCtoHSCLK)
                  0000411c    00000044     libc.a : aeabi_portable.c.obj (.text.__aeabi_assert)
                  00004160    00000044     clockfix_bsp_encoder.obj (.text.bsp_encoder_read_phases)
                  000041a4    00000044     clockfix_ringbuffer.obj (.text.rt_ringbuffer_init)
                  000041e8    00000042     clockfix_ringbuffer.obj (.text.rt_ringbuffer_data_len)
                  0000422a    00000002     --HOLE-- [fill = 0]
                  0000422c    00000040     libclang_rt.builtins.a : aeabi_uidivmod.S.obj (.text.__aeabi_uidivmod)
                  0000426c    00000040     libc.a : atoi.c.obj (.text.atoi)
                  000042ac    00000040            : vsnprintf.c.obj (.text.vsnprintf)
                  000042ec    0000003c     libclang_rt.builtins.a : floatsisf.S.obj (.text.__floatsisf)
                  00004328    0000003c                            : comparesf2.S.obj (.text.__gtsf2)
                  00004364    0000003c     libc.a : autoinit.c.obj (.text:__TI_auto_init_nobinit_nopinit)
                  000043a0    0000003a     clockfix_drv_motor.obj (.text.Motor_Stop)
                  000043da    00000002     --HOLE-- [fill = 0]
                  000043dc    0000003a     libclang_rt.builtins.a : comparesf2.S.obj (.text.__eqsf2)
                  00004416    00000002     --HOLE-- [fill = 0]
                  00004418    0000003a                            : muldsi3.S.obj (.text.__muldsi3)
                  00004452    00000002     --HOLE-- [fill = 0]
                  00004454    00000038                            : fixsfsi.S.obj (.text.__fixsfsi)
                  0000448c    00000038     clockfix_app_line_follow.obj (.text.app_line_follow_init)
                  000044c4    00000038     clockfix_bsp_i2c.obj (.text.bsp_i2c_init)
                  000044fc    00000038     libc.a : sprintf.c.obj (.text.sprintf)
                  00004534    00000034            : fopen.c.obj (.text.__TI_cleanup)
                  00004568    00000034     libsysbm.a : trgmsg.c.obj (.text.__TI_readmsg)
                  0000459c    00000034                : trgmsg.c.obj (.text.__TI_writemsg)
                  000045d0    00000034     libc.a : exit.c.obj (.text.exit)
                  00004604    00000034            : getdevice.c.obj (.text.finddevice)
                  00004638    00000030     ti_msp_dl_config_probe.obj (.text.SYSCFG_DL_SYSTICK_init)
                  00004668    00000030     libc.a : _printfi.c.obj (.text._fcpy)
                  00004698    00000030            : vsnprintf.c.obj (.text._outs)
                  000046c8    0000002c     libclang_rt.builtins.a : floatsidf.S.obj (.text.__floatsidf)
                  000046f4    0000002c     libsysbm.a : unlink.c.obj (.text.unlink)
                  00004720    00000028     libclang_rt.builtins.a : floatunsisf.S.obj (.text.__floatunsisf)
                  00004748    00000028     libc.a : memory.c.obj (.text.free_list_insert)
                  00004770    00000028     libsysbm.a : lseek.c.obj (.text.lseek)
                  00004798    00000028                : write.c.obj (.text.write)
                  000047c0    00000028     libc.a : boot_cortex_m.c.obj (.text:_c_int00_noargs)
                  000047e8    00000026     driverlib.a : dl_i2c.o (.text.DL_I2C_setClockConfig)
                  0000480e    00000026     clockfix_drv_encoder.obj (.text.Encoder_Init)
                  00004834    00000026     clockfix_bsp_board.obj (.text.bsp_board_init)
                  0000485a    00000024     ti_msp_dl_config_probe.obj (.text.SYSCFG_DL_init)
                  0000487e    00000002     --HOLE-- [fill = 0]
                  00004880    00000024     libclang_rt.builtins.a : muldi3.S.obj (.text.__muldi3)
                  000048a4    00000024     bsp_time_probe.obj (.text.bsp_time_init)
                  000048c8    00000022     libc.a : memccpy.c.obj (.text.memccpy)
                  000048ea    00000002     --HOLE-- [fill = 0]
                  000048ec    00000020     clockfix_bsp_encoder.obj (.text.bsp_encoder_irq_lock)
                  0000490c    0000001e     libclang_rt.builtins.a : ashldi3.S.obj (.text.__ashldi3)
                  0000492a    0000001e     scheduler_probe.obj (.text.scheduler_init)
                  00004948    0000001c     driverlib.a : dl_timer.o (.text.DL_Timer_setCaptCompUpdateMethod)
                  00004964    0000001c                 : dl_timer.o (.text.DL_Timer_setClockConfig)
                  00004980    0000001c     bsp_time_probe.obj (.text.SysTick_Handler)
                  0000499c    0000001c     libc.a : memory.c.obj (.text.free_list_remove)
                  000049b8    00000018     driverlib.a : dl_timer.o (.text.DL_Timer_setCaptureCompareOutCtl)
                  000049d0    00000018     clockfix_PID.obj (.text.PID_Reset)
                  000049e8    00000018     ti_msp_dl_config_probe.obj (.text.SYSCFG_DL_DMA_CH0_init)
                  00004a00    00000018     libc.a : assert.c.obj (.text._abort_msg)
                  00004a18    00000018            : vsnprintf.c.obj (.text._outc)
                  00004a30    00000018            : sprintf.c.obj (.text._outs)
                  00004a48    00000018     clockfix_dal_motor.obj (.text.dal_motor_set_output)
                  00004a60    00000018     clockfix_dal_motor.obj (.text.dal_motor_stop_all)
                  00004a78    00000016     libclang_rt.builtins.a : comparesf2.S.obj (.text.__unordsf2)
                  00004a8e    00000002     --HOLE-- [fill = 0]
                  00004a90    00000014                            : aeabi_uldivmod.S.obj (.text.__aeabi_uldivmod)
                  00004aa4    00000014     clockfix_bsp_pwm.obj (.text.bsp_pwm_start)
                  00004ab8    00000014     libc.a : _printfi.c.obj (.text.strchr)
                  00004acc    00000012     driverlib.a : dl_uart.o (.text.DL_UART_setClockConfig)
                  00004ade    00000012     libc.a : memcpy16.S.obj (.text:TI_memcpy_small)
                  00004af0    00000012            : copy_decompress_none.c.obj (.text:decompress:none)
                  00004b02    00000002     --HOLE-- [fill = 0]
                  00004b04    00000010     driverlib.a : dl_timer.o (.text.DL_Timer_setCaptureCompareValue)
                  00004b14    00000010     clockfix_bsp_encoder.obj (.text.bsp_encoder_irq_unlock)
                  00004b24    00000010     clockfix_dal_gray.obj (.text.dal_gray_init)
                  00004b34    00000010     libc.a : wcslen.c.obj (.text.wcslen)
                  00004b44    00000010            : copy_zero_init.c.obj (.text:decompress:ZI)
                  00004b54    0000000e            : memory.c.obj (.text.OUTLINED_FUNCTION_0)
                  00004b62    00000002     --HOLE-- [fill = 0]
                  00004b64    0000000e     libclang_rt.builtins.a : aeabi_memset.S.obj (.text.__aeabi_memset)
                  00004b72    0000000e     empty_probe.obj (.text.main)
                  00004b80    0000000e     libsysbm.a : hostrename.c.obj (.text.strcpy)
                  00004b8e    0000000e     libc.a : _printfi.c.obj (.text.strlen)
                  00004b9c    0000000e            : aeabi_portable.c.obj (.text.strlen)
                  00004baa    0000000e     libsysbm.a : hostrename.c.obj (.text.strlen)
                  00004bb8    0000000e     libc.a : memset16.S.obj (.text:TI_memset_small)
                  00004bc6    00000002     --HOLE-- [fill = 0]
                  00004bc8    0000000c     libclang_rt.builtins.a : aeabi_memset.S.obj (.text.__aeabi_memclr)
                  00004bd4    0000000c     bsp_time_probe.obj (.text.bsp_time_get_ms)
                  00004be0    0000000c     libc.a : memory.c.obj (.text.malloc)
                  00004bec    0000000a     driverlib.a : dl_common.o (.text.DL_Common_delayCycles)
                  00004bf6    0000000a     libc.a : _printfi.c.obj (.text.OUTLINED_FUNCTION_0)
                  00004c00    00000010     libclang_rt.builtins.a : adddf3.S.obj (.tramp.__aeabi_dsub.1)
                  00004c10    0000000a     libc.a : _printfi.c.obj (.text.OUTLINED_FUNCTION_1)
                  00004c1a    0000000a            : sprintf.c.obj (.text._outc)
                  00004c24    00000008     ti_msp_dl_config_probe.obj (.text.SYSCFG_DL_DMA_init)
                  00004c2c    00000008     libc.a : aeabi_portable.c.obj (.text.__aeabi_errno_addr)
                  00004c34    00000008     libclang_rt.builtins.a : aeabi_memcpy.S.obj (.text.__aeabi_memcpy)
                  00004c3c    00000008     libc.a : fseek.c.obj (.text.fseek)
                  00004c44    00000008     libsysbm.a : remove.c.obj (.text.remove)
                  00004c4c    00000006     libc.a : exit.c.obj (.text:abort)
                  00004c52    00000004     clockfix_PID.obj (.text.PID_ChangeSetpoint)
                  00004c56    00000004     clockfix_startup.obj (.text.Reset_Handler)
                  00004c5a    00000004     libc.a : pre_init.c.obj (.text._system_pre_init)
                  00004c5e    00000004     clockfix_bsp_board.obj (.text.bsp_board_idle)
                  00004c62    0000000e     --HOLE-- [fill = 0]

.cinit     0    00004ee0    00000088     
                  00004ee0    00000063     (.cinit..data.load) [load image, compression = lzss]
                  00004f43    00000001     --HOLE-- [fill = 0]
                  00004f44    0000000c     (__TI_handler_table)
                  00004f50    00000008     (.cinit..bss.load) [load image, compression = zero_init]
                  00004f58    00000010     (__TI_cinit_table)

.rodata    0    00004c70    00000270     
                  00004c70    00000101     libc.a : aeabi_ctype.S.obj (.rodata:__aeabi_ctype_table_)
                  00004d71    00000003     ti_msp_dl_config_probe.obj (.rodata.gMOTOR_PWMClockConfig)
                  00004d74    00000030     clockfix_dal_motor.obj (.rodata.g_dal_motor_hw)
                  00004da4    0000002a     libc.a : aeabi_portable.c.obj (.rodata.str1.1603242578795511017.1)
                  00004dce    00000002     ti_msp_dl_config_probe.obj (.rodata.gI2C_MPU6050ClockConfig)
                  00004dd0    00000028     ti_msp_dl_config_probe.obj (.rodata.gSYSPLLConfig)
                  00004df8    00000026     clockfix_app_line_follow.obj (.rodata.str1.1050289139945401955.1)
                  00004e1e    00000020     clockfix_ringbuffer.obj (.rodata.str1.17650855486320309568.1)
                  00004e3e    00000002     ti_msp_dl_config_probe.obj (.rodata.gUART_DEBUGClockConfig)
                  00004e40    00000018     ti_msp_dl_config_probe.obj (.rodata.gDMA_CH0Config)
                  00004e58    00000018     libc.a : aeabi_portable.c.obj (.rodata.str1.12460630753207392619.1)
                  00004e70    00000011            : _printfi.c.obj (.rodata.str1.10348868589481759720.1)
                  00004e81    00000011            : _printfi.c.obj (.rodata.str1.15363888844622738466.1)
                  00004e92    00000010     clockfix_drv_encoder.obj (.rodata.cst16)
                  00004ea2    0000000e     clockfix_ringbuffer.obj (.rodata.str1.9008262714410670328.1)
                  00004eb0    0000000b     clockfix_ringbuffer.obj (.rodata.str1.14590611333825221842.1)
                  00004ebb    00000001     --HOLE-- [fill = 0]
                  00004ebc    0000000a     ti_msp_dl_config_probe.obj (.rodata.gUART_DEBUGConfig)
                  00004ec6    00000009     clockfix_ringbuffer.obj (.rodata.str1.11056550997094824159.1)
                  00004ecf    00000001     --HOLE-- [fill = 0]
                  00004ed0    00000008     ti_msp_dl_config_probe.obj (.rodata.gMOTOR_PWMConfig)
                  00004ed8    00000002     clockfix_dal_encoder.obj (.rodata.g_dal_encoder_bsp_channels)
                  00004eda    00000006     --HOLE-- [fill = 0]

.init_array 
*          0    00000000    00000000     UNINITIALIZED

.binit     0    00000000    00000000     

.bss       0    20200000    000009a6     UNINITIALIZED
                  20200000    00000200     clockfix_bsp_uart.obj (.bss.g_bsp_uart_rx_pool)
                  20200200    00000200     clockfix_bsp_uart.obj (.bss.g_bsp_uart_tx_pool)
                  20200400    000001c0     (.common:pid_gather)
                  202005c0    00000120     libsysbm.a : trgmsg.c.obj (.bss:_CIOBUF_)
                  202006e0    00000100     clockfix_bsp_uart.obj (.bss.g_bsp_uart_printf_buf)
                  202007e0    000000a0     libc.a : defs.c.obj (.bss.__TI_tmpnams)
                  20200880    00000040     clockfix_bsp_uart.obj (.bss.g_bsp_uart_rx_dma_buf)
                  202008c0    00000040     (.common:g_dal_motor_instances)
                  20200900    00000020     clockfix_dal_encoder.obj (.bss.g_dal_encoder_instances)
                  20200920    00000020     (.common:g_dal_encoder_sample)
                  20200940    00000010     clockfix_bsp_i2c.obj (.bss.g_bsp_i2c_tx)
                  20200950    0000000c     clockfix_bsp_uart.obj (.bss.g_bsp_uart_rx_rb)
                  2020095c    0000000c     clockfix_bsp_uart.obj (.bss.g_bsp_uart_tx_rb)
                  20200968    0000000c     (.common:g_dal_gray_sample)
                  20200974    00000008     clockfix_dal_encoder.obj (.bss.g_dal_encoder_last_count)
                  2020097c    00000008     libsysbm.a : hostopen.c.obj (.bss.parmbuf)
                  20200984    00000004     clockfix_app_line_follow.obj (.bss.g_app_line_follow_debug_last_print_ms)
                  20200988    00000004     clockfix_bsp_encoder.obj (.bss.g_bsp_encoder_callback_context)
                  2020098c    00000004     clockfix_bsp_encoder.obj (.bss.g_bsp_encoder_edge_callback)
                  20200990    00000004     clockfix_bsp_i2c.obj (.bss.g_bsp_i2c_rx)
                  20200994    00000004     libc.a : memory.c.obj (.bss.sys_free)
                  20200998    00000002     clockfix_bsp_i2c.obj (.bss.g_bsp_i2c_rx_count)
                  2020099a    00000002     clockfix_bsp_i2c.obj (.bss.g_bsp_i2c_rx_len)
                  2020099c    00000002     clockfix_bsp_i2c.obj (.bss.g_bsp_i2c_tx_count)
                  2020099e    00000002     clockfix_bsp_i2c.obj (.bss.g_bsp_i2c_tx_len)
                  202009a0    00000002     clockfix_bsp_uart.obj (.bss.g_bsp_uart_rx_frame_size)
                  202009a2    00000002     clockfix_dal_encoder.obj (.bss.g_dal_encoder_has_last_count)
                  202009a4    00000001     clockfix_bsp_i2c.obj (.bss.g_bsp_i2c_addr)
                  202009a5    00000001     clockfix_bsp_i2c.obj (.bss.g_bsp_i2c_op)

.sysmem    0    202009a8    00000800     UNINITIALIZED
                  202009a8    00000010     libc.a : memory.c.obj (.sysmem)
                  202009b8    000007f0     --HOLE--

.data      0    202011a8    000001f1     UNINITIALIZED
                  202011a8    000000f0     libc.a : defs.c.obj (.data._ftable)
                  20201298    00000078     libsysbm.a : host_device.c.obj (.data._device)
                  20201310    00000050                : host_device.c.obj (.data._stream)
                  20201360    00000008     libc.a : exit.c.obj (.data..L_MergedGlobals)
                  20201368    00000004            : defs.c.obj (.data.__TI_ft_end)
                  2020136c    00000004            : aeabi_portable.c.obj (.data.__aeabi_errno)
                  20201370    00000004            : _lock.c.obj (.data._lock)
                  20201374    00000004            : _lock.c.obj (.data._unlock)
                  20201378    00000004     bsp_time_probe.obj (.data.g_bsp_time_ms)
                  2020137c    00000004     clockfix_bsp_uart.obj (.data.g_bsp_uart_error_callback.0)
                  20201380    00000004     clockfix_bsp_uart.obj (.data.g_bsp_uart_rx_callback.0)
                  20201384    00000004     scheduler_probe.obj (.data.g_scheduler_tasks.2)
                  20201388    00000004     scheduler_probe.obj (.data.g_scheduler_tasks.5)
                  2020138c    00000004     scheduler_probe.obj (.data.g_scheduler_tasks.8)
                  20201390    00000004     scheduler_probe.obj (.data.uwTick)
                  20201394    00000001     clockfix_bsp_i2c.obj (.data.g_bsp_i2c_state)
                  20201395    00000003     --HOLE--
                  20201398    00000001     libc.a : memory.c.obj (.data.memory_is_initialized)

.stack     0    20207e00    00000200     UNINITIALIZED
                  20207e00    00000004     libc.a : boot_cortex_m.c.obj (.stack)
                  20207e04    000001fc     --HOLE--

__llvm_prf_cnts 
*          0    20200000    00000000     UNINITIALIZED

__llvm_prf_bits 
*          0    20200000    00000000     UNINITIALIZED

MODULE SUMMARY

       Module                         code    ro data   rw data
       ------                         ----    -------   -------
    C:\Users\cheng\Desktop\24-H\24_HUser\empty\ticlang\
       clockfix_bsp_uart.obj          948     0         1378   
       ti_msp_dl_config_probe.obj     952     89        0      
       clockfix_app_line_follow.obj   852     38        4      
       clockfix_bsp_i2c.obj           736     0         31     
       clockfix_ringbuffer.obj        646     66        0      
       clockfix_dal_pid.obj           220     0         448    
       clockfix_dal_encoder.obj       516     2         74     
       clockfix_dal_gray.obj          368     0         12     
       clockfix_drv_motor.obj         344     0         0      
       clockfix_PID.obj               314     0         0      
       clockfix_bsp_encoder.obj       296     0         8      
       clockfix_dal_motor.obj         124     48        64     
       clockfix_startup.obj           6       192       0      
       clockfix_drv_encoder.obj       166     16        0      
       scheduler_probe.obj            106     0         16     
       clockfix_bsp_pwm.obj           92      0         0      
       bsp_time_probe.obj             76      0         4      
       clockfix_bsp_board.obj         42      0         0      
       empty_probe.obj                14      0         0      
    +--+------------------------------+-------+---------+---------+
       Total:                         6818    451       2039   
                                                               
    C:\ti\mspm0_sdk_2_10_00_04\source\ti/driverlib/lib/ticlang/m0p/mspm0g1x0x_g3x0x/driverlib.a
       dl_sysctl_mspm0g1x0x_g3x0x.o   388     0         0      
       dl_timer.o                     356     0         0      
       dl_i2c.o                       132     0         0      
       dl_uart.o                      90      0         0      
       dl_dma.o                       76      0         0      
       dl_common.o                    10      0         0      
    +--+------------------------------+-------+---------+---------+
       Total:                         1052    0         0      
                                                               
    C:\ti\ti_cgt_arm_llvm_4.0.2.LTS\lib\armv6m-ti-none-eabi/c/libc.a
       _printfi.c.obj                 4510    34        0      
       memory.c.obj                   702     0         5      
       defs.c.obj                     0       0         404    
       aeabi_ctype.S.obj              0       257       0      
       fputs.c.obj                    248     0         0      
       setvbuf.c.obj                  224     0         0      
       s_scalbn.c.obj                 216     0         0      
       fflush.c.obj                   178     0         0      
       aeabi_portable.c.obj           90      66        4      
       getdevice.c.obj                160     0         0      
       strcmp-armv6m.S.obj            136     0         0      
       vsnprintf.c.obj                136     0         0      
       copy_decompress_lzss.c.obj     124     0         0      
       fclose.c.obj                   124     0         0      
       fseek.c.obj                    116     0         0      
       _io_perm.c.obj                 100     0         0      
       s_frexp.c.obj                  92      0         0      
       sprintf.c.obj                  90      0         0      
       _ltoa.c.obj                    88      0         0      
       exit.c.obj                     58      0         8      
       atoi.c.obj                     64      0         0      
       autoinit.c.obj                 60      0         0      
       fopen.c.obj                    52      0         0      
       boot_cortex_m.c.obj            40      0         0      
       memccpy.c.obj                  34      0         0      
       assert.c.obj                   24      0         0      
       copy_decompress_none.c.obj     18      0         0      
       memcpy16.S.obj                 18      0         0      
       copy_zero_init.c.obj           16      0         0      
       wcslen.c.obj                   16      0         0      
       memset16.S.obj                 14      0         0      
       _lock.c.obj                    2       0         8      
       pre_init.c.obj                 4       0         0      
    +--+------------------------------+-------+---------+---------+
       Total:                         7754    357       429    
                                                               
    C:\ti\ti_cgt_arm_llvm_4.0.2.LTS\lib\armv6m-ti-none-eabi/c/libsysbm.a
       trgmsg.c.obj                   104     0         288    
       host_device.c.obj              0       0         200    
       hostrename.c.obj               136     0         0      
       hostlseek.c.obj                108     0         0      
       hostopen.c.obj                 96      0         8      
       hostread.c.obj                 88      0         0      
       hostwrite.c.obj                88      0         0      
       close.c.obj                    80      0         0      
       hostclose.c.obj                72      0         0      
       hostunlink.c.obj               72      0         0      
       unlink.c.obj                   44      0         0      
       lseek.c.obj                    40      0         0      
       write.c.obj                    40      0         0      
       remove.c.obj                   8       0         0      
       hostexit.c.obj                 4       0         0      
    +--+------------------------------+-------+---------+---------+
       Total:                         980     0         496    
                                                               
    C:\ti\ti_cgt_arm_llvm_4.0.2.LTS\lib\armv6m-ti-none-eabi/libclang_rt.builtins.a
       adddf3.S.obj                   418     0         0      
       divdf3.S.obj                   268     0         0      
       muldf3.S.obj                   228     0         0      
       comparedf2.c.obj               220     0         0      
       addsf3.S.obj                   216     0         0      
       udivmoddi4.S.obj               162     0         0      
       comparesf2.S.obj               140     0         0      
       mulsf3.S.obj                   140     0         0      
       divsf3.S.obj                   130     0         0      
       aeabi_dcmp.S.obj               98      0         0      
       aeabi_fcmp.S.obj               98      0         0      
       aeabi_idivmod.S.obj            86      0         0      
       fixdfsi.S.obj                  74      0         0      
       aeabi_uidivmod.S.obj           64      0         0      
       floatsisf.S.obj                60      0         0      
       muldsi3.S.obj                  58      0         0      
       fixsfsi.S.obj                  56      0         0      
       floatsidf.S.obj                44      0         0      
       floatunsisf.S.obj              40      0         0      
       muldi3.S.obj                   36      0         0      
       ashldi3.S.obj                  30      0         0      
       aeabi_memset.S.obj             26      0         0      
       aeabi_uldivmod.S.obj           20      0         0      
       aeabi_memcpy.S.obj             8       0         0      
       aeabi_div0.c.obj               4       0         0      
    +--+------------------------------+-------+---------+---------+
       Total:                         2724    0         0      
                                                               
       Heap:                          0       0         2048   
       Stack:                         0       0         512    
       Linker Generated:              0       135       0      
    +--+------------------------------+-------+---------+---------+
       Grand Total:                   19328   943       5524   


LINKER GENERATED COPY TABLES

__TI_cinit_table @ 00004f58 records: 2, size/record: 8, table size: 16
	.data: load addr=00004ee0, load size=00000063 bytes, run addr=202011a8, run size=000001f1 bytes, compression=lzss
	.bss: load addr=00004f50, load size=00000008 bytes, run addr=20200000, run size=000009a6 bytes, compression=zero_init


LINKER GENERATED HANDLER TABLE

__TI_handler_table @ 00004f44 records: 3, size/record: 4, table size: 12
	index: 0, handler: __TI_decompress_lzss
	index: 1, handler: __TI_decompress_none
	index: 2, handler: __TI_zero_init


FAR CALL TRAMPOLINES

callee name               trampoline name
   callee addr  tramp addr   call addr  call info
--------------  -----------  ---------  ----------------
__aeabi_dsub              $Tramp$TT$L$PI$$__aeabi_dsub
   000015f5     00004c00     00004bfe   libc.a : _printfi.c.obj (.text.OUTLINED_FUNCTION_0)

[1 trampolines]
[1 trampoline calls]


GLOBAL SYMBOLS: SORTED ALPHABETICALLY BY Name 

address   name                                 
-------   ----                                 
00001787  ADC0_IRQHandler                      
00001787  ADC1_IRQHandler                      
00001787  AES_IRQHandler                       
00002f8c  C$$EXIT                              
000045c9  C$$IO$$                              
00001787  CANFD0_IRQHandler                    
00001787  DAC0_IRQHandler                      
00004bed  DL_Common_delayCycles                
00003df5  DL_DMA_initChannel                   
000039e5  DL_I2C_fillControllerTXFIFO          
000047e9  DL_I2C_setClockConfig                
000023ed  DL_SYSCTL_configSYSPLL               
00003671  DL_SYSCTL_setHFCLKSourceHFXTParams   
000040d9  DL_SYSCTL_switchMCLKfromSYSOSCtoHSCLK
00001d65  DL_Timer_initFourCCPWMMode           
00004949  DL_Timer_setCaptCompUpdateMethod     
000049b9  DL_Timer_setCaptureCompareOutCtl     
00004b05  DL_Timer_setCaptureCompareValue      
00004965  DL_Timer_setClockConfig              
00003f71  DL_UART_init                         
00004acd  DL_UART_setClockConfig               
00001787  DMA_IRQHandler                       
00001787  Default_Handler                      
0000480f  Encoder_Init                         
0000309d  Encoder_Update                       
00001787  GROUP0_IRQHandler                    
00003c59  GROUP1_IRQHandler                    
00003fb9  HOSTclose                            
00002f8d  HOSTexit                             
00003385  HOSTlseek                            
00003865  HOSTopen                             
00003aa1  HOSTread                             
000033f1  HOSTrename                           
00004001  HOSTunlink                           
00003af9  HOSTwrite                            
00001787  HardFault_Handler                    
00000dad  I2C0_IRQHandler                      
00001787  I2C1_IRQHandler                      
00003ed9  Motor_Init                           
00002755  Motor_SetOutput                      
000043a1  Motor_Stop                           
00001787  NMI_Handler                          
00004c53  PID_ChangeSetpoint                   
000028fd  PID_Compute1_Rectangle               
00003cad  PID_Init                             
000049d1  PID_Reset                            
00001787  PendSV_Handler                       
00001787  RTC_IRQHandler                       
00004c57  Reset_Handler                        
00001787  SPI0_IRQHandler                      
00001787  SPI1_IRQHandler                      
00001787  SVC_Handler                          
000049e9  SYSCFG_DL_DMA_CH0_init               
00004c25  SYSCFG_DL_DMA_init                   
00001e69  SYSCFG_DL_GPIO_init                  
0000345d  SYSCFG_DL_I2C_MPU6050_init           
0000311d  SYSCFG_DL_MOTOR_PWM_init             
0000319d  SYSCFG_DL_SYSCTL_init                
00004639  SYSCFG_DL_SYSTICK_init               
00002d41  SYSCFG_DL_UART_DEBUG_init            
0000485b  SYSCFG_DL_init                       
00004049  SYSCFG_DL_initPower                  
00004981  SysTick_Handler                      
00001787  TIMA0_IRQHandler                     
00001787  TIMA1_IRQHandler                     
00001787  TIMG0_IRQHandler                     
00001787  TIMG12_IRQHandler                    
00001787  TIMG6_IRQHandler                     
00001787  TIMG7_IRQHandler                     
00001787  TIMG8_IRQHandler                     
00004adf  TI_memcpy_small                      
00004bb9  TI_memset_small                      
00001451  UART0_IRQHandler                     
00001787  UART1_IRQHandler                     
00001787  UART2_IRQHandler                     
00001787  UART3_IRQHandler                     
202005c0  _CIOBUF_                             
202005c0  __CIOBUF_                            
20208000  __STACK_END                          
00000200  __STACK_SIZE                         
00000800  __SYSMEM_SIZE                        
00000000  __TI_ATRegion0_region_sz             
00000000  __TI_ATRegion0_src_addr              
00000000  __TI_ATRegion0_trg_addr              
00000000  __TI_ATRegion1_region_sz             
00000000  __TI_ATRegion1_src_addr              
00000000  __TI_ATRegion1_trg_addr              
00000000  __TI_ATRegion2_region_sz             
00000000  __TI_ATRegion2_src_addr              
00000000  __TI_ATRegion2_trg_addr              
00004f58  __TI_CINIT_Base                      
00004f68  __TI_CINIT_Limit                     
00004f68  __TI_CINIT_Warm                      
00004f44  __TI_Handler_Table_Base              
00004f50  __TI_Handler_Table_Limit             
00004365  __TI_auto_init_nobinit_nopinit       
00004535  __TI_cleanup                         
20201360  __TI_cleanup_ptr                     
00003219  __TI_closefile                       
00003295  __TI_decompress_lzss                 
00004af1  __TI_decompress_none                 
00003cff  __TI_doflush                         
20201364  __TI_dtors_ptr                       
20201368  __TI_ft_end                          
00003b51  __TI_ltoa                            
ffffffff  __TI_pprof_out_hndl                  
000000c1  __TI_printfi                         
ffffffff  __TI_prof_data_size                  
ffffffff  __TI_prof_data_start                 
00004569  __TI_readmsg                         
00000000  __TI_static_base__                   
202007e0  __TI_tmpnams                         
0000459d  __TI_writemsg                        
000036d5  __TI_wrt_ok                          
00004b45  __TI_zero_init                       
000015ff  __adddf3                             
00002687  __addsf3                             
0000411d  __aeabi_assert                       
00004c70  __aeabi_ctype_table_                 
00004c70  __aeabi_ctype_table_C                
00003f25  __aeabi_d2iz                         
000015ff  __aeabi_dadd                         
0000379d  __aeabi_dcmpeq                       
000037d9  __aeabi_dcmpge                       
000037ed  __aeabi_dcmpgt                       
000037c5  __aeabi_dcmple                       
000037b1  __aeabi_dcmplt                       
00001c59  __aeabi_ddiv                         
00002229  __aeabi_dmul                         
000015f5  __aeabi_dsub                         
2020136c  __aeabi_errno                        
00004c2d  __aeabi_errno_addr                   
00004455  __aeabi_f2iz                         
00002687  __aeabi_fadd                         
00003801  __aeabi_fcmpeq                       
0000383d  __aeabi_fcmpge                       
00003851  __aeabi_fcmpgt                       
00003829  __aeabi_fcmple                       
00003815  __aeabi_fcmplt                       
00004a79  __aeabi_fcmpun                       
00003019  __aeabi_fdiv                         
00002f01  __aeabi_fmul                         
0000267d  __aeabi_fsub                         
000046c9  __aeabi_i2d                          
000042ed  __aeabi_i2f                          
00003c01  __aeabi_idiv                         
00002d3f  __aeabi_idiv0                        
00003c01  __aeabi_idivmod                      
0000309b  __aeabi_ldiv0                        
0000490d  __aeabi_llsl                         
00004881  __aeabi_lmul                         
00004bc9  __aeabi_memclr                       
00004bc9  __aeabi_memclr4                      
00004bc9  __aeabi_memclr8                      
00004c35  __aeabi_memcpy                       
00004c35  __aeabi_memcpy4                      
00004c35  __aeabi_memcpy8                      
00004b65  __aeabi_memset                       
00004b65  __aeabi_memset4                      
00004b65  __aeabi_memset8                      
00004721  __aeabi_ui2f                         
0000422d  __aeabi_uidiv                        
0000422d  __aeabi_uidivmod                     
00004a91  __aeabi_uldivmod                     
0000490d  __ashldi3                            
ffffffff  __binit__                            
000035a1  __cmpdf2                             
000043dd  __cmpsf2                             
00001c59  __divdf3                             
00003019  __divsf3                             
000035a1  __eqdf2                              
000043dd  __eqsf2                              
00003f25  __fixdfsi                            
00004455  __fixsfsi                            
000046c9  __floatsidf                          
000042ed  __floatsisf                          
00004721  __floatunsisf                        
00003311  __gedf2                              
00004329  __gesf2                              
00003311  __gtdf2                              
00004329  __gtsf2                              
000035a1  __ledf2                              
000043dd  __lesf2                              
000035a1  __ltdf2                              
000043dd  __ltsf2                              
UNDEFED   __mpu_init                           
00002229  __muldf3                             
00004881  __muldi3                             
00004419  __muldsi3                            
00002f01  __mulsf3                             
000035a1  __nedf2                              
000043dd  __nesf2                              
20207e00  __stack                              
20200000  __start___llvm_prf_bits              
20200000  __start___llvm_prf_cnts              
20200000  __stop___llvm_prf_bits               
20200000  __stop___llvm_prf_cnts               
000015f5  __subdf3                             
0000267d  __subsf3                             
00002c9d  __udivmoddi4                         
00004a79  __unordsf2                           
00004a01  _abort_msg                           
000047c1  _c_int00_noargs                      
20201298  _device                              
202011a8  _ftable                              
20201370  _lock                                
0000366f  _nop                                 
20201310  _stream                              
202009a8  _sys_memory                          
UNDEFED   _system_post_cinit                   
00004c5b  _system_pre_init                     
20201374  _unlock                              
00004c4d  abort                                
00001b45  aligned_alloc                        
0000448d  app_line_follow_init                 
00000a91  app_line_follow_refresh              
0000426d  atoi                                 
ffffffff  binit                                
00004c5f  bsp_board_idle                       
00004835  bsp_board_init                       
000038c5  bsp_encoder_init                     
000048ed  bsp_encoder_irq_lock                 
00004b15  bsp_encoder_irq_unlock               
00004161  bsp_encoder_read_phases              
000044c5  bsp_i2c_init                         
00004091  bsp_pwm_set_duty                     
00004aa5  bsp_pwm_start                        
00004bd5  bsp_time_get_ms                      
000048a5  bsp_time_init                        
00002b49  bsp_uart_init                        
00002e71  bsp_uart_try_printf                  
00003da5  close                                
00002059  dal_encoder_init                     
00002a8d  dal_encoder_update_speed             
00004b25  dal_gray_init                        
00001789  dal_gray_refresh                     
00003e41  dal_motor_init                       
00004a49  dal_motor_set_output                 
00004a61  dal_motor_stop_all                   
000024c9  dal_pid_init                         
000045d1  exit                                 
00003985  fflush                               
00004605  finddevice                           
00001f61  fputs                                
00002141  free                                 
00003a45  frexp                                
00003a45  frexpl                               
00004c3d  fseek                                
000034c9  fseeko                               
20200920  g_dal_encoder_sample                 
20200968  g_dal_gray_sample                    
202008c0  g_dal_motor_instances                
00003535  getdevice                            
00000000  interruptVectors                     
000025a5  ldexp                                
000025a5  ldexpl                               
00004771  lseek                                
00004b73  main                                 
00004be1  malloc                               
00001b45  memalign                             
000048c9  memccpy                              
2020097c  parmbuf                              
20200400  pid_gather                           
00004c45  remove                               
000041e9  rt_ringbuffer_data_len               
00002bf5  rt_ringbuffer_getchar                
000041a5  rt_ringbuffer_init                   
000029c9  rt_ringbuffer_put                    
00002ddd  rt_ringbuffer_putchar                
000025a5  scalbn                               
000025a5  scalbnl                              
0000492b  scheduler_init                       
00003e8d  scheduler_run                        
0000230d  setvbuf                              
000044fd  sprintf                              
00002f91  strcmp                               
000046f5  unlink                               
20201390  uwTick                               
000042ad  vsnprintf                            
00004b35  wcslen                               
00004799  write                                


GLOBAL SYMBOLS: SORTED BY Symbol Address 

address   name                                 
-------   ----                                 
00000000  __TI_ATRegion0_region_sz             
00000000  __TI_ATRegion0_src_addr              
00000000  __TI_ATRegion0_trg_addr              
00000000  __TI_ATRegion1_region_sz             
00000000  __TI_ATRegion1_src_addr              
00000000  __TI_ATRegion1_trg_addr              
00000000  __TI_ATRegion2_region_sz             
00000000  __TI_ATRegion2_src_addr              
00000000  __TI_ATRegion2_trg_addr              
00000000  __TI_static_base__                   
00000000  interruptVectors                     
000000c1  __TI_printfi                         
00000200  __STACK_SIZE                         
00000800  __SYSMEM_SIZE                        
00000a91  app_line_follow_refresh              
00000dad  I2C0_IRQHandler                      
00001451  UART0_IRQHandler                     
000015f5  __aeabi_dsub                         
000015f5  __subdf3                             
000015ff  __adddf3                             
000015ff  __aeabi_dadd                         
00001787  ADC0_IRQHandler                      
00001787  ADC1_IRQHandler                      
00001787  AES_IRQHandler                       
00001787  CANFD0_IRQHandler                    
00001787  DAC0_IRQHandler                      
00001787  DMA_IRQHandler                       
00001787  Default_Handler                      
00001787  GROUP0_IRQHandler                    
00001787  HardFault_Handler                    
00001787  I2C1_IRQHandler                      
00001787  NMI_Handler                          
00001787  PendSV_Handler                       
00001787  RTC_IRQHandler                       
00001787  SPI0_IRQHandler                      
00001787  SPI1_IRQHandler                      
00001787  SVC_Handler                          
00001787  TIMA0_IRQHandler                     
00001787  TIMA1_IRQHandler                     
00001787  TIMG0_IRQHandler                     
00001787  TIMG12_IRQHandler                    
00001787  TIMG6_IRQHandler                     
00001787  TIMG7_IRQHandler                     
00001787  TIMG8_IRQHandler                     
00001787  UART1_IRQHandler                     
00001787  UART2_IRQHandler                     
00001787  UART3_IRQHandler                     
00001789  dal_gray_refresh                     
00001b45  aligned_alloc                        
00001b45  memalign                             
00001c59  __aeabi_ddiv                         
00001c59  __divdf3                             
00001d65  DL_Timer_initFourCCPWMMode           
00001e69  SYSCFG_DL_GPIO_init                  
00001f61  fputs                                
00002059  dal_encoder_init                     
00002141  free                                 
00002229  __aeabi_dmul                         
00002229  __muldf3                             
0000230d  setvbuf                              
000023ed  DL_SYSCTL_configSYSPLL               
000024c9  dal_pid_init                         
000025a5  ldexp                                
000025a5  ldexpl                               
000025a5  scalbn                               
000025a5  scalbnl                              
0000267d  __aeabi_fsub                         
0000267d  __subsf3                             
00002687  __addsf3                             
00002687  __aeabi_fadd                         
00002755  Motor_SetOutput                      
000028fd  PID_Compute1_Rectangle               
000029c9  rt_ringbuffer_put                    
00002a8d  dal_encoder_update_speed             
00002b49  bsp_uart_init                        
00002bf5  rt_ringbuffer_getchar                
00002c9d  __udivmoddi4                         
00002d3f  __aeabi_idiv0                        
00002d41  SYSCFG_DL_UART_DEBUG_init            
00002ddd  rt_ringbuffer_putchar                
00002e71  bsp_uart_try_printf                  
00002f01  __aeabi_fmul                         
00002f01  __mulsf3                             
00002f8c  C$$EXIT                              
00002f8d  HOSTexit                             
00002f91  strcmp                               
00003019  __aeabi_fdiv                         
00003019  __divsf3                             
0000309b  __aeabi_ldiv0                        
0000309d  Encoder_Update                       
0000311d  SYSCFG_DL_MOTOR_PWM_init             
0000319d  SYSCFG_DL_SYSCTL_init                
00003219  __TI_closefile                       
00003295  __TI_decompress_lzss                 
00003311  __gedf2                              
00003311  __gtdf2                              
00003385  HOSTlseek                            
000033f1  HOSTrename                           
0000345d  SYSCFG_DL_I2C_MPU6050_init           
000034c9  fseeko                               
00003535  getdevice                            
000035a1  __cmpdf2                             
000035a1  __eqdf2                              
000035a1  __ledf2                              
000035a1  __ltdf2                              
000035a1  __nedf2                              
0000366f  _nop                                 
00003671  DL_SYSCTL_setHFCLKSourceHFXTParams   
000036d5  __TI_wrt_ok                          
0000379d  __aeabi_dcmpeq                       
000037b1  __aeabi_dcmplt                       
000037c5  __aeabi_dcmple                       
000037d9  __aeabi_dcmpge                       
000037ed  __aeabi_dcmpgt                       
00003801  __aeabi_fcmpeq                       
00003815  __aeabi_fcmplt                       
00003829  __aeabi_fcmple                       
0000383d  __aeabi_fcmpge                       
00003851  __aeabi_fcmpgt                       
00003865  HOSTopen                             
000038c5  bsp_encoder_init                     
00003985  fflush                               
000039e5  DL_I2C_fillControllerTXFIFO          
00003a45  frexp                                
00003a45  frexpl                               
00003aa1  HOSTread                             
00003af9  HOSTwrite                            
00003b51  __TI_ltoa                            
00003c01  __aeabi_idiv                         
00003c01  __aeabi_idivmod                      
00003c59  GROUP1_IRQHandler                    
00003cad  PID_Init                             
00003cff  __TI_doflush                         
00003da5  close                                
00003df5  DL_DMA_initChannel                   
00003e41  dal_motor_init                       
00003e8d  scheduler_run                        
00003ed9  Motor_Init                           
00003f25  __aeabi_d2iz                         
00003f25  __fixdfsi                            
00003f71  DL_UART_init                         
00003fb9  HOSTclose                            
00004001  HOSTunlink                           
00004049  SYSCFG_DL_initPower                  
00004091  bsp_pwm_set_duty                     
000040d9  DL_SYSCTL_switchMCLKfromSYSOSCtoHSCLK
0000411d  __aeabi_assert                       
00004161  bsp_encoder_read_phases              
000041a5  rt_ringbuffer_init                   
000041e9  rt_ringbuffer_data_len               
0000422d  __aeabi_uidiv                        
0000422d  __aeabi_uidivmod                     
0000426d  atoi                                 
000042ad  vsnprintf                            
000042ed  __aeabi_i2f                          
000042ed  __floatsisf                          
00004329  __gesf2                              
00004329  __gtsf2                              
00004365  __TI_auto_init_nobinit_nopinit       
000043a1  Motor_Stop                           
000043dd  __cmpsf2                             
000043dd  __eqsf2                              
000043dd  __lesf2                              
000043dd  __ltsf2                              
000043dd  __nesf2                              
00004419  __muldsi3                            
00004455  __aeabi_f2iz                         
00004455  __fixsfsi                            
0000448d  app_line_follow_init                 
000044c5  bsp_i2c_init                         
000044fd  sprintf                              
00004535  __TI_cleanup                         
00004569  __TI_readmsg                         
0000459d  __TI_writemsg                        
000045c9  C$$IO$$                              
000045d1  exit                                 
00004605  finddevice                           
00004639  SYSCFG_DL_SYSTICK_init               
000046c9  __aeabi_i2d                          
000046c9  __floatsidf                          
000046f5  unlink                               
00004721  __aeabi_ui2f                         
00004721  __floatunsisf                        
00004771  lseek                                
00004799  write                                
000047c1  _c_int00_noargs                      
000047e9  DL_I2C_setClockConfig                
0000480f  Encoder_Init                         
00004835  bsp_board_init                       
0000485b  SYSCFG_DL_init                       
00004881  __aeabi_lmul                         
00004881  __muldi3                             
000048a5  bsp_time_init                        
000048c9  memccpy                              
000048ed  bsp_encoder_irq_lock                 
0000490d  __aeabi_llsl                         
0000490d  __ashldi3                            
0000492b  scheduler_init                       
00004949  DL_Timer_setCaptCompUpdateMethod     
00004965  DL_Timer_setClockConfig              
00004981  SysTick_Handler                      
000049b9  DL_Timer_setCaptureCompareOutCtl     
000049d1  PID_Reset                            
000049e9  SYSCFG_DL_DMA_CH0_init               
00004a01  _abort_msg                           
00004a49  dal_motor_set_output                 
00004a61  dal_motor_stop_all                   
00004a79  __aeabi_fcmpun                       
00004a79  __unordsf2                           
00004a91  __aeabi_uldivmod                     
00004aa5  bsp_pwm_start                        
00004acd  DL_UART_setClockConfig               
00004adf  TI_memcpy_small                      
00004af1  __TI_decompress_none                 
00004b05  DL_Timer_setCaptureCompareValue      
00004b15  bsp_encoder_irq_unlock               
00004b25  dal_gray_init                        
00004b35  wcslen                               
00004b45  __TI_zero_init                       
00004b65  __aeabi_memset                       
00004b65  __aeabi_memset4                      
00004b65  __aeabi_memset8                      
00004b73  main                                 
00004bb9  TI_memset_small                      
00004bc9  __aeabi_memclr                       
00004bc9  __aeabi_memclr4                      
00004bc9  __aeabi_memclr8                      
00004bd5  bsp_time_get_ms                      
00004be1  malloc                               
00004bed  DL_Common_delayCycles                
00004c25  SYSCFG_DL_DMA_init                   
00004c2d  __aeabi_errno_addr                   
00004c35  __aeabi_memcpy                       
00004c35  __aeabi_memcpy4                      
00004c35  __aeabi_memcpy8                      
00004c3d  fseek                                
00004c45  remove                               
00004c4d  abort                                
00004c53  PID_ChangeSetpoint                   
00004c57  Reset_Handler                        
00004c5b  _system_pre_init                     
00004c5f  bsp_board_idle                       
00004c70  __aeabi_ctype_table_                 
00004c70  __aeabi_ctype_table_C                
00004f44  __TI_Handler_Table_Base              
00004f50  __TI_Handler_Table_Limit             
00004f58  __TI_CINIT_Base                      
00004f68  __TI_CINIT_Limit                     
00004f68  __TI_CINIT_Warm                      
20200000  __start___llvm_prf_bits              
20200000  __start___llvm_prf_cnts              
20200000  __stop___llvm_prf_bits               
20200000  __stop___llvm_prf_cnts               
20200400  pid_gather                           
202005c0  _CIOBUF_                             
202005c0  __CIOBUF_                            
202007e0  __TI_tmpnams                         
202008c0  g_dal_motor_instances                
20200920  g_dal_encoder_sample                 
20200968  g_dal_gray_sample                    
2020097c  parmbuf                              
202009a8  _sys_memory                          
202011a8  _ftable                              
20201298  _device                              
20201310  _stream                              
20201360  __TI_cleanup_ptr                     
20201364  __TI_dtors_ptr                       
20201368  __TI_ft_end                          
2020136c  __aeabi_errno                        
20201370  _lock                                
20201374  _unlock                              
20201390  uwTick                               
20207e00  __stack                              
20208000  __STACK_END                          
ffffffff  __TI_pprof_out_hndl                  
ffffffff  __TI_prof_data_size                  
ffffffff  __TI_prof_data_start                 
ffffffff  __binit__                            
ffffffff  binit                                
UNDEFED   __mpu_init                           
UNDEFED   _system_post_cinit                   

[281 symbols]
